Archive member included to satisfy reference by file (symbol)

C:/ST/STM32CubeIDE_1.18.1/STM32CubeIDE/plugins/com.st.stm32cube.ide.mcu.externaltools.gnu-tools-for-stm32.13.3.rel1.win32_1.0.0.202411081344/tools/bin/../lib/gcc/arm-none-eabi/13.3.1/../../../../arm-none-eabi/lib/thumb/v7e-m+dp/hard\libstdc++_nano.a(del_ops.o)
                              ./Core/Src/traveling_spaceship.o (operator delete(void*, unsigned int))
C:/ST/STM32CubeIDE_1.18.1/STM32CubeIDE/plugins/com.st.stm32cube.ide.mcu.externaltools.gnu-tools-for-stm32.13.3.rel1.win32_1.0.0.202411081344/tools/bin/../lib/gcc/arm-none-eabi/13.3.1/../../../../arm-none-eabi/lib/thumb/v7e-m+dp/hard\libstdc++_nano.a(new_op.o)
                              ./Core/Src/traveling_spaceship.o (operator new(unsigned int))
C:/ST/STM32CubeIDE_1.18.1/STM32CubeIDE/plugins/com.st.stm32cube.ide.mcu.externaltools.gnu-tools-for-stm32.13.3.rel1.win32_1.0.0.202411081344/tools/bin/../lib/gcc/arm-none-eabi/13.3.1/../../../../arm-none-eabi/lib/thumb/v7e-m+dp/hard\libstdc++_nano.a(functexcept.o)
                              ./Core/Src/traveling_spaceship.o (std::__throw_bad_alloc())
C:/ST/STM32CubeIDE_1.18.1/STM32CubeIDE/plugins/com.st.stm32cube.ide.mcu.externaltools.gnu-tools-for-stm32.13.3.rel1.win32_1.0.0.202411081344/tools/bin/../lib/gcc/arm-none-eabi/13.3.1/../../../../arm-none-eabi/lib/thumb/v7e-m+dp/hard\libstdc++_nano.a(random.o)
                              ./Core/Src/traveling_spaceship.o (std::random_device::_M_fini())
C:/ST/STM32CubeIDE_1.18.1/STM32CubeIDE/plugins/com.st.stm32cube.ide.mcu.externaltools.gnu-tools-for-stm32.13.3.rel1.win32_1.0.0.202411081344/tools/bin/../lib/gcc/arm-none-eabi/13.3.1/../../../../arm-none-eabi/lib/thumb/v7e-m+dp/hard\libstdc++_nano.a(string-inst.o)
                              C:/ST/STM32CubeIDE_1.18.1/STM32CubeIDE/plugins/com.st.stm32cube.ide.mcu.externaltools.gnu-tools-for-stm32.13.3.rel1.win32_1.0.0.202411081344/tools/bin/../lib/gcc/arm-none-eabi/13.3.1/../../../../arm-none-eabi/lib/thumb/v7e-m+dp/hard\libstdc++_nano.a(random.o) (std::__cxx11::basic_string<char, std::char_traits<char>, std::allocator<char> >::_M_create(unsigned int&, unsigned int))
C:/ST/STM32CubeIDE_1.18.1/STM32CubeIDE/plugins/com.st.stm32cube.ide.mcu.externaltools.gnu-tools-for-stm32.13.3.rel1.win32_1.0.0.202411081344/tools/bin/../lib/gcc/arm-none-eabi/13.3.1/../../../../arm-none-eabi/lib/thumb/v7e-m+dp/hard\libstdc++_nano.a(del_op.o)
                              C:/ST/STM32CubeIDE_1.18.1/STM32CubeIDE/plugins/com.st.stm32cube.ide.mcu.externaltools.gnu-tools-for-stm32.13.3.rel1.win32_1.0.0.202411081344/tools/bin/../lib/gcc/arm-none-eabi/13.3.1/../../../../arm-none-eabi/lib/thumb/v7e-m+dp/hard\libstdc++_nano.a(del_ops.o) (operator delete(void*))
C:/ST/STM32CubeIDE_1.18.1/STM32CubeIDE/plugins/com.st.stm32cube.ide.mcu.externaltools.gnu-tools-for-stm32.13.3.rel1.win32_1.0.0.202411081344/tools/bin/../lib/gcc/arm-none-eabi/13.3.1/../../../../arm-none-eabi/lib/thumb/v7e-m+dp/hard\libstdc++_nano.a(new_handler.o)
                              C:/ST/STM32CubeIDE_1.18.1/STM32CubeIDE/plugins/com.st.stm32cube.ide.mcu.externaltools.gnu-tools-for-stm32.13.3.rel1.win32_1.0.0.202411081344/tools/bin/../lib/gcc/arm-none-eabi/13.3.1/../../../../arm-none-eabi/lib/thumb/v7e-m+dp/hard\libstdc++_nano.a(new_op.o) (std::get_new_handler())
C:/ST/STM32CubeIDE_1.18.1/STM32CubeIDE/plugins/com.st.stm32cube.ide.mcu.externaltools.gnu-tools-for-stm32.13.3.rel1.win32_1.0.0.202411081344/tools/bin/../lib/gcc/arm-none-eabi/13.3.1/../../../../arm-none-eabi/lib/thumb/v7e-m+dp/hard\libm.a(libm_a-w_sqrt.o)
                              ./Core/Src/traveling_spaceship.o (sqrt)
C:/ST/STM32CubeIDE_1.18.1/STM32CubeIDE/plugins/com.st.stm32cube.ide.mcu.externaltools.gnu-tools-for-stm32.13.3.rel1.win32_1.0.0.202411081344/tools/bin/../lib/gcc/arm-none-eabi/13.3.1/../../../../arm-none-eabi/lib/thumb/v7e-m+dp/hard\libm.a(libm_a-pow.o)
                              ./Core/Src/traveling_spaceship.o (pow)
C:/ST/STM32CubeIDE_1.18.1/STM32CubeIDE/plugins/com.st.stm32cube.ide.mcu.externaltools.gnu-tools-for-stm32.13.3.rel1.win32_1.0.0.202411081344/tools/bin/../lib/gcc/arm-none-eabi/13.3.1/../../../../arm-none-eabi/lib/thumb/v7e-m+dp/hard\libm.a(libm_a-pow_log_data.o)
                              C:/ST/STM32CubeIDE_1.18.1/STM32CubeIDE/plugins/com.st.stm32cube.ide.mcu.externaltools.gnu-tools-for-stm32.13.3.rel1.win32_1.0.0.202411081344/tools/bin/../lib/gcc/arm-none-eabi/13.3.1/../../../../arm-none-eabi/lib/thumb/v7e-m+dp/hard\libm.a(libm_a-pow.o) (__pow_log_data)
C:/ST/STM32CubeIDE_1.18.1/STM32CubeIDE/plugins/com.st.stm32cube.ide.mcu.externaltools.gnu-tools-for-stm32.13.3.rel1.win32_1.0.0.202411081344/tools/bin/../lib/gcc/arm-none-eabi/13.3.1/../../../../arm-none-eabi/lib/thumb/v7e-m+dp/hard\libm.a(libm_a-e_sqrt.o)
[...]
Memory Configuration

Name             Origin             Length             Attributes
FLASH            0x08000000         0x00200000         xr
DTCMRAM          0x20000000         0x00020000         xrw
RAM_D1           0x24000000         0x00080000         xrw
RAM_D2           0x30000000         0x00048000         xrw
RAM_D3           0x38000000         0x00010000         xrw
ITCMRAM          0x00000000         0x00010000         xrw
*default*        0x00000000         0xffffffff

Linker script and memory map

LOAD C:/ST/STM32CubeIDE_1.18.1/STM32CubeIDE/plugins/com.st.stm32cube.ide.mcu.externaltools.gnu-tools-for-stm32.13.3.rel1.win32_1.0.0.202411081344/tools/bin/../lib/gcc/arm-none-eabi/13.3.1/thumb/v7e-m+dp/hard/crti.o
LOAD C:/ST/STM32CubeIDE_1.18.1/STM32CubeIDE/plugins/com.st.stm32cube.ide.mcu.externaltools.gnu-tools-for-stm32.13.3.rel1.win32_1.0.0.202411081344/tools/bin/../lib/gcc/arm-none-eabi/13.3.1/thumb/v7e-m+dp/hard/crtbegin.o
LOAD C:/ST/STM32CubeIDE_1.18.1/STM32CubeIDE/plugins/com.st.stm32cube.ide.mcu.externaltools.gnu-tools-for-stm32.13.3.rel1.win32_1.0.0.202411081344/tools/bin/../lib/gcc/arm-none-eabi/13.3.1/../../../../arm-none-eabi/lib/thumb/v7e-m+dp/hard/crt0.o
LOAD ./Core/Src/main.o
LOAD ./Core/Src/stm32h7xx_hal_msp.o
LOAD ./Core/Src/stm32h7xx_it.o
LOAD ./Core/Src/syscalls.o
LOAD ./Core/Src/sysmem.o
LOAD ./Core/Src/system_stm32h7xx.o
LOAD ./Core/Src/traveling_spaceship.o
LOAD ./Core/Startup/startup_stm32h753zitx.o
LOAD ./Drivers/BSP/STM32H7xx_Nucleo/stm32h7xx_nucleo.o
LOAD ./Drivers/STM32H7xx_HAL_Driver/Src/stm32h7xx_hal.o
LOAD ./Drivers/STM32H7xx_HAL_Driver/Src/stm32h7xx_hal_cortex.o
LOAD ./Drivers/STM32H7xx_HAL_Driver/Src/stm32h7xx_hal_dma.o
LOAD ./Drivers/STM32H7xx_HAL_Driver/Src/stm32h7xx_hal_dma_ex.o
LOAD ./Drivers/STM32H7xx_HAL_Driver/Src/stm32h7xx_hal_exti.o
LOAD ./Drivers/STM32H7xx_HAL_Driver/Src/stm32h7xx_hal_flash.o
LOAD ./Drivers/STM32H7xx_HAL_Driver/Src/stm32h7xx_hal_flash_ex.o
LOAD ./Drivers/STM32H7xx_HAL_Driver/Src/stm32h7xx_hal_gpio.o
LOAD ./Drivers/STM32H7xx_HAL_Driver/Src/stm32h7xx_hal_hsem.o
LOAD ./Drivers/STM32H7xx_HAL_Driver/Src/stm32h7xx_hal_i2c.o
LOAD ./Drivers/STM32H7xx_HAL_Driver/Src/stm32h7xx_hal_i2c_ex.o
LOAD ./Drivers/STM32H7xx_HAL_Driver/Src/stm32h7xx_hal_mdma.o
LOAD ./Drivers/STM32H7xx_HAL_Driver/Src/stm32h7xx_hal_pwr.o
LOAD ./Drivers/STM32H7xx_HAL_Driver/Src/stm32h7xx_hal_pwr_ex.o
LOAD ./Drivers/STM32H7xx_HAL_Driver/Src/stm32h7xx_hal_rcc.o
LOAD ./Drivers/STM32H7xx_HAL_Driver/Src/stm32h7xx_hal_rcc_ex.o
LOAD ./Drivers/STM32H7xx_HAL_Driver/Src/stm32h7xx_hal_uart.o
LOAD ./Drivers/STM32H7xx_HAL_Driver/Src/stm32h7xx_hal_uart_ex.o
LOAD ./Drivers/STM32H7xx_HAL_Driver/Src/stm32h7xx_hal_usart.o
LOAD ./Drivers/STM32H7xx_HAL_Driver/Src/stm32h7xx_hal_usart_ex.o
START GROUP
LOAD C:/ST/STM32CubeIDE_1.18.1/STM32CubeIDE/plugins/com.st.stm32cube.ide.mcu.externaltools.gnu-tools-for-stm32.13.3.rel1.win32_1.0.0.202411081344/tools/bin/../lib/gcc/arm-none-eabi/13.3.1/../../../../arm-none-eabi/lib/thumb/v7e-m+dp/hard\libstdc++_nano.a
LOAD C:/ST/STM32CubeIDE_1.18.1/STM32CubeIDE/plugins/com.st.stm32cube.ide.mcu.externaltools.gnu-tools-for-stm32.13.3.rel1.win32_1.0.0.202411081344/tools/bin/../lib/gcc/arm-none-eabi/13.3.1/../../../../arm-none-eabi/lib/thumb/v7e-m+dp/hard\libsupc++_nano.a
END GROUP
LOAD C:/ST/STM32CubeIDE_1.18.1/STM32CubeIDE/plugins/com.st.stm32cube.ide.mcu.externaltools.gnu-tools-for-stm32.13.3.rel1.win32_1.0.0.202411081344/tools/bin/../lib/gcc/arm-none-eabi/13.3.1/../../../../arm-none-eabi/lib/thumb/v7e-m+dp/hard\libstdc++_nano.a
LOAD C:/ST/STM32CubeIDE_1.18.1/STM32CubeIDE/plugins/com.st.stm32cube.ide.mcu.externaltools.gnu-tools-for-stm32.13.3.rel1.win32_1.0.0.202411081344/tools/bin/../lib/gcc/arm-none-eabi/13.3.1/../../../../arm-none-eabi/lib/thumb/v7e-m+dp/hard\libm.a
LOAD C:/ST/STM32CubeIDE_1.18.1/STM32CubeIDE/plugins/com.st.stm32cube.ide.mcu.externaltools.gnu-tools-for-stm32.13.3.rel1.win32_1.0.0.202411081344/tools/bin/../lib/gcc/arm-none-eabi/13.3.1/../../../../arm-none-eabi/lib/thumb/v7e-m+dp/hard\libc_nano.a
START GROUP
LOAD C:/ST/STM32CubeIDE_1.18.1/STM32CubeIDE/plugins/com.st.stm32cube.ide.mcu.externaltools.gnu-tools-for-stm32.13.3.rel1.win32_1.0.0.202411081344/tools/bin/../lib/gcc/arm-none-eabi/13.3.1/thumb/v7e-m+dp/hard\libgcc.a
LOAD C:/ST/STM32CubeIDE_1.18.1/STM32CubeIDE/plugins/com.st.stm32cube.ide.mcu.externaltools.gnu-tools-for-stm32.13.3.rel1.win32_1.0.0.202411081344/tools/bin/../lib/gcc/arm-none-eabi/13.3.1/../../../../arm-none-eabi/lib/thumb/v7e-m+dp/hard\libc_nano.a
END GROUP
START GROUP
LOAD C:/ST/STM32CubeIDE_1.18.1/STM32CubeIDE/plugins/com.st.stm32cube.ide.mcu.externaltools.gnu-tools-for-stm32.13.3.rel1.win32_1.0.0.202411081344/tools/bin/../lib/gcc/arm-none-eabi/13.3.1/thumb/v7e-m+dp/hard\libgcc.a
LOAD C:/ST/STM32CubeIDE_1.18.1/STM32CubeIDE/plugins/com.st.stm32cube.ide.mcu.externaltools.gnu-tools-for-stm32.13.3.rel1.win32_1.0.0.202411081344/tools/bin/../lib/gcc/arm-none-eabi/13.3.1/../../../../arm-none-eabi/lib/thumb/v7e-m+dp/hard\libc_nano.a
LOAD C:/ST/STM32CubeIDE_1.18.1/STM32CubeIDE/plugins/com.st.stm32cube.ide.mcu.externaltools.gnu-tools-for-stm32.13.3.rel1.win32_1.0.0.202411081344/tools/bin/../lib/gcc/arm-none-eabi/13.3.1/../../../../arm-none-eabi/lib/thumb/v7e-m+dp/hard\libnosys.a
END GROUP
START GROUP
LOAD C:/ST/STM32CubeIDE_1.18.1/STM32CubeIDE/plugins/com.st.stm32cube.ide.mcu.externaltools.gnu-tools-for-stm32.13.3.rel1.win32_1.0.0.202411081344/tools/bin/../lib/gcc/arm-none-eabi/13.3.1/thumb/v7e-m+dp/hard\libgcc.a
LOAD C:/ST/STM32CubeIDE_1.18.1/STM32CubeIDE/plugins/com.st.stm32cube.ide.mcu.externaltools.gnu-tools-for-stm32.13.3.rel1.win32_1.0.0.202411081344/tools/bin/../lib/gcc/arm-none-eabi/13.3.1/../../../../arm-none-eabi/lib/thumb/v7e-m+dp/hard\libc_nano.a
LOAD C:/ST/STM32CubeIDE_1.18.1/STM32CubeIDE/plugins/com.st.stm32cube.ide.mcu.externaltools.gnu-tools-for-stm32.13.3.rel1.win32_1.0.0.202411081344/tools/bin/../lib/gcc/arm-none-eabi/13.3.1/../../../../arm-none-eabi/lib/thumb/v7e-m+dp/hard\libnosys.a
END GROUP
LOAD C:/ST/STM32CubeIDE_1.18.1/STM32CubeIDE/plugins/com.st.stm32cube.ide.mcu.externaltools.gnu-tools-for-stm32.13.3.rel1.win32_1.0.0.202411081344/tools/bin/../lib/gcc/arm-none-eabi/13.3.1/thumb/v7e-m+dp/hard/crtend.o
LOAD C:/ST/STM32CubeIDE_1.18.1/STM32CubeIDE/plugins/com.st.stm32cube.ide.mcu.externaltools.gnu-tools-for-stm32.13.3.rel1.win32_1.0.0.202411081344/tools/bin/../lib/gcc/arm-none-eabi/13.3.1/thumb/v7e-m+dp/hard/crtn.o
                0x24080000                        _estack = (ORIGIN (RAM_D1) + LENGTH (RAM_D1))
                0x00000200                        _Min_Heap_Size = 0x200
                0x00000400                        _Min_Stack_Size = 0x400

.isr_vector     0x08000000      0x298
                0x08000000                        . = ALIGN (0x4)
 *(.isr_vector)
 .isr_vector    0x08000000      0x298 ./Core/Startup/startup_stm32h753zitx.o
                0x08000000                g_pfnVectors
                0x08000298                        . = ALIGN (0x4)

.text           0x080002a0     0x8858
                0x080002a0                        . = ALIGN (0x4)
 *(.text)
 .text          0x080002a0       0x40 C:/ST/STM32CubeIDE_1.18.1/STM32CubeIDE/plugins/com.st.stm32cube.ide.mcu.externaltools.gnu-tools-for-stm32.13.3.rel1.win32_1.0.0.202411081344/tools/bin/../lib/gcc/arm-none-eabi/13.3.1/thumb/v7e-m+dp/hard/crtbegin.o
 .text          0x080002e0       0xa0 C:/ST/STM32CubeIDE_1.18.1/STM32CubeIDE/plugins/com.st.stm32cube.ide.mcu.externaltools.gnu-tools-for-stm32.13.3.rel1.win32_1.0.0.202411081344/tools/bin/../lib/gcc/arm-none-eabi/13.3.1/../../../../arm-none-eabi/lib/thumb/v7e-m+dp/hard\libc_nano.a(libc_a-memchr.o)
                0x080002e0                memchr
 .text          0x08000380       0x10 C:/ST/STM32CubeIDE_1.18.1/STM32CubeIDE/plugins/com.st.stm32cube.ide.mcu.externaltools.gnu-tools-for-stm32.13.3.rel1.win32_1.0.0.202411081344/tools/bin/../lib/gcc/arm-none-eabi/13.3.1/../../../../arm-none-eabi/lib/thumb/v7e-m+dp/hard\libc_nano.a(libc_a-strlen.o)
                0x08000380                strlen
 .text          0x08000390       0x30 C:/ST/STM32CubeIDE_1.18.1/STM32CubeIDE/plugins/com.st.stm32cube.ide.mcu.externaltools.gnu-tools-for-stm32.13.3.rel1.win32_1.0.0.202411081344/tools/bin/../lib/gcc/arm-none-eabi/13.3.1/thumb/v7e-m+dp/hard\libgcc.a(_aeabi_uldivmod.o)
                0x08000390                __aeabi_uldivmod
 .text          0x080003c0      0x2f8 C:/ST/STM32CubeIDE_1.18.1/STM32CubeIDE/plugins/com.st.stm32cube.ide.mcu.externaltools.gnu-tools-for-stm32.13.3.rel1.win32_1.0.0.202411081344/tools/bin/../lib/gcc/arm-none-eabi/13.3.1/thumb/v7e-m+dp/hard\libgcc.a(_udivmoddi4.o)
                0x080003c0                __udivmoddi4
 .text          0x080006b8        0x4 C:/ST/STM32CubeIDE_1.18.1/STM32CubeIDE/plugins/com.st.stm32cube.ide.mcu.externaltools.gnu-tools-for-stm32.13.3.rel1.win32_1.0.0.202411081344/tools/bin/../lib/gcc/arm-none-eabi/13.3.1/thumb/v7e-m+dp/hard\libgcc.a(_dvmd_tls.o)
                0x080006b8                __aeabi_idiv0
                0x080006b8                __aeabi_ldiv0
 *(.text*)
 .text.main     0x080006bc       0xb0 ./Core/Src/main.o
                0x080006bc                main
 .text.SystemClock_Config
                0x0800076c       0xd4 ./Core/Src/main.o
                0x0800076c                SystemClock_Config
 .text.MX_GPIO_Init
                0x08000840       0xa8 ./Core/Src/main.o
 .text.BSP_PB_Callback
                0x080008e8       0x28 ./Core/Src/main.o
                0x080008e8                BSP_PB_Callback
 .text.Error_Handler
                0x08000910        0xc ./Core/Src/main.o
                0x08000910                Error_Handler
 .text.HAL_MspInit
                0x0800091c       0x34 ./Core/Src/stm32h7xx_hal_msp.o
                0x0800091c                HAL_MspInit
 .text.NMI_Handler
                0x08000950        0x8 ./Core/Src/stm32h7xx_it.o
                0x08000950                NMI_Handler
 .text.HardFault_Handler
                0x08000958        0x8 ./Core/Src/stm32h7xx_it.o
                0x08000958                HardFault_Handler
 .text.MemManage_Handler
                0x08000960        0x8 ./Core/Src/stm32h7xx_it.o
                0x08000960                MemManage_Handler
 .text.BusFault_Handler
                0x08000968        0x8 ./Core/Src/stm32h7xx_it.o
                0x08000968                BusFault_Handler
 .text.UsageFault_Handler
                0x08000970        0x8 ./Core/Src/stm32h7xx_it.o
                0x08000970                UsageFault_Handler
 .text.SVC_Handler
                0x08000978        0xe ./Core/Src/stm32h7xx_it.o
                0x08000978                SVC_Handler
 .text.DebugMon_Handler
                0x08000986        0xe ./Core/Src/stm32h7xx_it.o
                0x08000986                DebugMon_Handler
 .text.PendSV_Handler
                0x08000994        0xe ./Core/Src/stm32h7xx_it.o
                0x08000994                PendSV_Handler
 .text.SysTick_Handler
                0x080009a2        0xc ./Core/Src/stm32h7xx_it.o
                0x080009a2                SysTick_Handler
 .text.EXTI15_10_IRQHandler
                0x080009ae        0xe ./Core/Src/stm32h7xx_it.o
                0x080009ae                EXTI15_10_IRQHandler
 .text._getpid  0x080009bc       0x10 ./Core/Src/syscalls.o
                0x080009bc                _getpid
 .text._kill    0x080009cc       0x20 ./Core/Src/syscalls.o
                0x080009cc                _kill
 .text._exit    0x080009ec       0x16 ./Core/Src/syscalls.o
                0x080009ec                _exit
 .text._read    0x08000a02       0x3a ./Core/Src/syscalls.o
                0x08000a02                _read
 .text._write   0x08000a3c       0x38 ./Core/Src/syscalls.o
                0x08000a3c                _write
 .text._close   0x08000a74       0x18 ./Core/Src/syscalls.o
                0x08000a74                _close
 .text._fstat   0x08000a8c       0x20 ./Core/Src/syscalls.o
                0x08000a8c                _fstat
 .text._isatty  0x08000aac       0x16 ./Core/Src/syscalls.o
                0x08000aac                _isatty
 .text._lseek   0x08000ac2       0x1a ./Core/Src/syscalls.o
                0x08000ac2                _lseek
 .text._sbrk    0x08000adc       0x6c ./Core/Src/sysmem.o
                0x08000adc                _sbrk
 .text.SystemInit
                0x08000b48      0x140 ./Core/Src/system_stm32h7xx.o
                0x08000b48                SystemInit
 .text.ExitRun0Mode
                0x08000c88       0x30 ./Core/Src/system_stm32h7xx.o
                0x08000c88                ExitRun0Mode
 .text._ZSt23__is_constant_evaluatedv
                0x08000cb8       0x10 ./Core/Src/traveling_spaceship.o
                0x08000cb8                std::__is_constant_evaluated()
 .text._ZnwjPv  0x08000cc8       0x18 ./Core/Src/traveling_spaceship.o
                0x08000cc8                operator new(unsigned int, void*)
 .text._ZN9__gnu_cxx5__ops16__iter_less_iterEv
                0x08000ce0       0x10 ./Core/Src/traveling_spaceship.o
                0x08000ce0                __gnu_cxx::__ops::__iter_less_iter()
 .text._ZN9__gnu_cxx5__ops14_Iter_less_valC2ENS0_15_Iter_less_iterE
                0x08000cf0       0x18 ./Core/Src/traveling_spaceship.o
                0x08000cf0                __gnu_cxx::__ops::_Iter_less_val::_Iter_less_val(__gnu_cxx::__ops::_Iter_less_iter)
                0x08000cf0                __gnu_cxx::__ops::_Iter_less_val::_Iter_less_val(__gnu_cxx::__ops::_Iter_less_iter)
 .text._ZN9__gnu_cxx5__ops15__val_comp_iterENS0_15_Iter_less_iterE
                0x08000d08       0x16 ./Core/Src/traveling_spaceship.o
                0x08000d08                __gnu_cxx::__ops::__val_comp_iter(__gnu_cxx::__ops::_Iter_less_iter)
 *fill*         0x08000d1e        0x2 
 .text._ZNSt13random_deviceC2Ev
                0x08000d20       0x4c ./Core/Src/traveling_spaceship.o
                0x08000d20                std::random_device::random_device()
                0x08000d20                std::random_device::random_device()
 .text._ZNSt13random_deviceD2Ev
                0x08000d6c       0x18 ./Core/Src/traveling_spaceship.o
                0x08000d6c                std::random_device::~random_device()
                0x08000d6c                std::random_device::~random_device()
 .text._ZNSt13random_deviceclEv
                0x08000d84       0x18 ./Core/Src/traveling_spaceship.o
                0x08000d84                std::random_device::operator()()
 .text._Z14generateCitiesRA16_A3_i
                0x08000d9c       0x58 ./Core/Src/traveling_spaceship.o
                0x08000d9c                generateCities(int (&) [16][3])
 .text._Z18calcDistanceMatrixRA16_A3_iRA16_A16_d
                0x08000df4      0x122 ./Core/Src/traveling_spaceship.o
                0x08000df4                calcDistanceMatrix(int (&) [16][3], double (&) [16][16])
 *fill*         0x08000f16        0x2 
 .text._Z22generateInitPopulationRA64_A16_i
                0x08000f18       0xdc ./Core/Src/traveling_spaceship.o
                0x08000f18                generateInitPopulation(int (&) [64][16])
 .text._Z11fitnessCalcPiRA16_A16_d
                0x08000ff4       0x92 ./Core/Src/traveling_spaceship.o
                0x08000ff4                fitnessCalc(int*, double (&) [16][16])
 *fill*         0x08001086        0x2 
 .text._Z9crossoverPiS_S_
                0x08001088       0xcc ./Core/Src/traveling_spaceship.o
                0x08001088                crossover(int*, int*, int*)
 .text._Z6mutatePi
                0x08001154       0x6c ./Core/Src/traveling_spaceship.o
                0x08001154                mutate(int*)
 .text._ZNSt12_Vector_baseISt4pairIdiESaIS1_EE12_Vector_implD2Ev
                0x080011c0       0x1c ./Core/Src/traveling_spaceship.o
                0x080011c0                std::_Vector_base<std::pair<double, int>, std::allocator<std::pair<double, int> > >::_Vector_impl::~_Vector_impl()
                0x080011c0                std::_Vector_base<std::pair<double, int>, std::allocator<std::pair<double, int> > >::_Vector_impl::~_Vector_impl()
 .text._ZNSt12_Vector_baseISt4pairIdiESaIS1_EEC2Ev
                0x080011dc       0x1a ./Core/Src/traveling_spaceship.o
                0x080011dc                std::_Vector_base<std::pair<double, int>, std::allocator<std::pair<double, int> > >::_Vector_base()
                0x080011dc                std::_Vector_base<std::pair<double, int>, std::allocator<std::pair<double, int> > >::_Vector_base()
 .text._ZNSt6vectorISt4pairIdiESaIS1_EEC2Ev
                0x080011f6       0x1a ./Core/Src/traveling_spaceship.o
                0x080011f6                std::vector<std::pair<double, int>, std::allocator<std::pair<double, int> > >::vector()
                0x080011f6                std::vector<std::pair<double, int>, std::allocator<std::pair<double, int> > >::vector()
 .text.geneticAlgorithm
                0x08001210      0x6b8 ./Core/Src/traveling_spaceship.o
                0x08001210                geneticAlgorithm
 .text._ZNSt23mersenne_twister_engineIjLj32ELj624ELj397ELj31ELj2567483615ELj11ELj4294967295ELj7ELj2636928640ELj15ELj4022730752ELj18ELj1812433253EEC2Ej
                0x080018c8       0x1c ./Core/Src/traveling_spaceship.o
                0x080018c8                std::mersenne_twister_engine<unsigned int, 32u, 624u, 397u, 31u, 2567483615u, 11u, 4294967295u, 7u, 2636928640u, 15u, 4022730752u, 18u, 1812433253u>::mersenne_twister_engine(unsigned int)
                0x080018c8                std::mersenne_twister_engine<unsigned int, 32u, 624u, 397u, 31u, 2567483615u, 11u, 4294967295u, 7u, 2636928640u, 15u, 4022730752u, 18u, 1812433253u>::mersenne_twister_engine(unsigned int)
 .text._ZNSt24uniform_int_distributionIiEC2Eii
                0x080018e4       0x22 ./Core/Src/traveling_spaceship.o
                0x080018e4                std::uniform_int_distribution<int>::uniform_int_distribution(int, int)
                0x080018e4                std::uniform_int_distribution<int>::uniform_int_distribution(int, int)
 .text._ZNSt24uniform_int_distributionIiEclISt23mersenne_twister_engineIjLj32ELj624ELj397ELj31ELj2567483615ELj11ELj4294967295ELj7ELj2636928640ELj15ELj4022730752ELj18ELj1812433253EEEEiRT_
                0x08001906       0x20 ./Core/Src/traveling_spaceship.o
                0x08001906                int std::uniform_int_distribution<int>::operator()<std::mersenne_twister_engine<unsigned int, 32u, 624u, 397u, 31u, 2567483615u, 11u, 4294967295u, 7u, 2636928640u, 15u, 4022730752u, 18u, 1812433253u> >(std::mersenne_twister_engine<unsigned int, 32u, 624u, 397u, 31u, 2567483615u, 11u, 4294967295u, 7u, 2636928640u, 15u, 4022730752u, 18u, 1812433253u>&)
 .text._ZSt3powIiiEN9__gnu_cxx11__promote_2IT_T0_NS0_9__promoteIS2_XsrSt12__is_integerIS2_E7__valueEE6__typeENS4_IS3_XsrS5_IS3_E7__valueEE6__typeEE6__typeES2_S3_
                0x08001926       0x38 ./Core/Src/traveling_spaceship.o
                0x08001926                __gnu_cxx::__promote_2<int, int, __gnu_cxx::__promote<int, std::__is_integer<int>::__value>::__type, __gnu_cxx::__promote<int, std::__is_integer<int>::__value>::__type>::__type std::pow<int, int>(int, int)
 .text._ZNSt12_Vector_baseISt4pairIdiESaIS1_EE12_Vector_implC2Ev
                0x0800195e       0x22 ./Core/Src/traveling_spaceship.o
                0x0800195e                std::_Vector_base<std::pair<double, int>, std::allocator<std::pair<double, int> > >::_Vector_impl::_Vector_impl()
                0x0800195e                std::_Vector_base<std::pair<double, int>, std::allocator<std::pair<double, int> > >::_Vector_impl::_Vector_impl()
 .text._ZNSt12_Vector_baseISt4pairIdiESaIS1_EED2Ev
                0x08001980       0x32 ./Core/Src/traveling_spaceship.o
                0x08001980                std::_Vector_base<std::pair<double, int>, std::allocator<std::pair<double, int> > >::~_Vector_base()
                0x08001980                std::_Vector_base<std::pair<double, int>, std::allocator<std::pair<double, int> > >::~_Vector_base()
 .text._ZNSt6vectorISt4pairIdiESaIS1_EED2Ev
                0x080019b2       0x3c ./Core/Src/traveling_spaceship.o
                0x080019b2                std::vector<std::pair<double, int>, std::allocator<std::pair<double, int> > >::~vector()
                0x080019b2                std::vector<std::pair<double, int>, std::allocator<std::pair<double, int> > >::~vector()
 .text._ZNSt6vectorISt4pairIdiESaIS1_EE15_S_use_relocateEv
                0x080019ee       0x16 ./Core/Src/traveling_spaceship.o
                0x080019ee                std::vector<std::pair<double, int>, std::allocator<std::pair<double, int> > >::_S_use_relocate()
 .text._ZNSt6vectorISt4pairIdiESaIS1_EE19_S_nothrow_relocateESt17integral_constantIbLb1EE
                0x08001a04       0x16 ./Core/Src/traveling_spaceship.o
                0x08001a04                std::vector<std::pair<double, int>, std::allocator<std::pair<double, int> > >::_S_nothrow_relocate(std::integral_constant<bool, true>)
 *fill*         0x08001a1a        0x2 
 .text._ZNSt6vectorISt4pairIdiESaIS1_EE7reserveEj
                0x08001a1c      0x108 ./Core/Src/traveling_spaceship.o
                0x08001a1c                std::vector<std::pair<double, int>, std::allocator<std::pair<double, int> > >::reserve(unsigned int)
 .text._ZSt9make_pairIiRiESt4pairINSt25__strip_reference_wrapperINSt5decayIT_E4typeEE6__typeENS2_INS3_IT0_E4typeEE6__typeEEOS4_OS9_
                0x08001b24       0x2e ./Core/Src/traveling_spaceship.o
                0x08001b24                std::pair<std::__strip_reference_wrapper<std::decay<int>::type>::__type, std::__strip_reference_wrapper<std::decay<int&>::type>::__type> std::make_pair<int, int&>(int&&, int&)
 .text._ZNSt4pairIdiEC2IiiLb1EEEOS_IT_T0_E
                0x08001b52       0x40 ./Core/Src/traveling_spaceship.o
                0x08001b52                std::pair<double, int>::pair<int, int, true>(std::pair<int, int>&&)
                0x08001b52                std::pair<double, int>::pair<int, int, true>(std::pair<int, int>&&)
 .text._ZNSt6vectorISt4pairIdiESaIS1_EE9push_backEOS1_
                0x08001b92       0x22 ./Core/Src/traveling_spaceship.o
                0x08001b92                std::vector<std::pair<double, int>, std::allocator<std::pair<double, int> > >::push_back(std::pair<double, int>&&)
 .text._ZNSt6vectorISt4pairIdiESaIS1_EEixEj
                0x08001bb4       0x20 ./Core/Src/traveling_spaceship.o
                0x08001bb4                std::vector<std::pair<double, int>, std::allocator<std::pair<double, int> > >::operator[](unsigned int)
 .text._ZSt9make_pairIRdRiESt4pairINSt25__strip_reference_wrapperINSt5decayIT_E4typeEE6__typeENS3_INS4_IT0_E4typeEE6__typeEEOS5_OSA_
                0x08001bd4       0x2e ./Core/Src/traveling_spaceship.o
                0x08001bd4                std::pair<std::__strip_reference_wrapper<std::decay<double&>::type>::__type, std::__strip_reference_wrapper<std::decay<int&>::type>::__type> std::make_pair<double&, int&>(double&, int&)
 .text._ZNSt4pairIdiEaSEOS0_
                0x08001c02       0x3a ./Core/Src/traveling_spaceship.o
                0x08001c02                std::pair<double, int>::operator=(std::pair<double, int>&&)
 .text._ZNSt6vectorISt4pairIdiESaIS1_EE5beginEv
                0x08001c3c       0x20 ./Core/Src/traveling_spaceship.o
                0x08001c3c                std::vector<std::pair<double, int>, std::allocator<std::pair<double, int> > >::begin()
 .text._ZNK9__gnu_cxx17__normal_iteratorIPSt4pairIdiESt6vectorIS2_SaIS2_EEEplEi
                0x08001c5c       0x30 ./Core/Src/traveling_spaceship.o
                0x08001c5c                __gnu_cxx::__normal_iterator<std::pair<double, int>*, std::vector<std::pair<double, int>, std::allocator<std::pair<double, int> > > >::operator+(int) const
 .text._ZNSt6vectorISt4pairIdiESaIS1_EE3endEv
                0x08001c8c       0x22 ./Core/Src/traveling_spaceship.o
                0x08001c8c                std::vector<std::pair<double, int>, std::allocator<std::pair<double, int> > >::end()
 .text._ZSt11nth_elementIN9__gnu_cxx17__normal_iteratorIPSt4pairIdiESt6vectorIS3_SaIS3_EEEEEvT_S9_S9_
                0x08001cae       0x76 ./Core/Src/traveling_spaceship.o
                0x08001cae                void std::nth_element<__gnu_cxx::__normal_iterator<std::pair<double, int>*, std::vector<std::pair<double, int>, std::allocator<std::pair<double, int> > > > >(__gnu_cxx::__normal_iterator<std::pair<double, int>*, std::vector<std::pair<double, int>, std::allocator<std::pair<double, int> > > >, __gnu_cxx::__normal_iterator<std::pair<double, int>*, std::vector<std::pair<double, int>, std::allocator<std::pair<double, int> > > >, __gnu_cxx::__normal_iterator<std::pair<double, int>*, std::vector<std::pair<double, int>, std::allocator<std::pair<double, int> > > >)
 .text._ZNSt15__new_allocatorIcED2Ev
                0x08001d24       0x16 ./Core/Src/traveling_spaceship.o
                0x08001d24                std::__new_allocator<char>::~__new_allocator()
                0x08001d24                std::__new_allocator<char>::~__new_allocator()
 *fill*         0x08001d3a        0x2 
 .text._ZNSt23mersenne_twister_engineIjLj32ELj624ELj397ELj31ELj2567483615ELj11ELj4294967295ELj7ELj2636928640ELj15ELj4022730752ELj18ELj1812433253EE4seedEj
                0x08001d3c       0x80 ./Core/Src/traveling_spaceship.o
                0x08001d3c                std::mersenne_twister_engine<unsigned int, 32u, 624u, 397u, 31u, 2567483615u, 11u, 4294967295u, 7u, 2636928640u, 15u, 4022730752u, 18u, 1812433253u>::seed(unsigned int)
 .text._ZNSt24uniform_int_distributionIiE10param_typeC2Eii
                0x08001dbc       0x40 ./Core/Src/traveling_spaceship.o
                0x08001dbc                std::uniform_int_distribution<int>::param_type::param_type(int, int)
                0x08001dbc                std::uniform_int_distribution<int>::param_type::param_type(int, int)
 .text._ZNSt24uniform_int_distributionIiEclISt23mersenne_twister_engineIjLj32ELj624ELj397ELj31ELj2567483615ELj11ELj4294967295ELj7ELj2636928640ELj15ELj4022730752ELj18ELj1812433253EEEEiRT_RKNS0_10param_typeE
                0x08001dfc       0x6e ./Core/Src/traveling_spaceship.o
                0x08001dfc                int std::uniform_int_distribution<int>::operator()<std::mersenne_twister_engine<unsigned int, 32u, 624u, 397u, 31u, 2567483615u, 11u, 4294967295u, 7u, 2636928640u, 15u, 4022730752u, 18u, 1812433253u> >(std::mersenne_twister_engine<unsigned int, 32u, 624u, 397u, 31u, 2567483615u, 11u, 4294967295u, 7u, 2636928640u, 15u, 4022730752u, 18u, 1812433253u>&, std::uniform_int_distribution<int>::param_type const&)
 .text._ZNSt12_Vector_baseISt4pairIdiESaIS1_EE17_Vector_impl_dataC2Ev
                0x08001e6a       0x28 ./Core/Src/traveling_spaceship.o
                0x08001e6a                std::_Vector_base<std::pair<double, int>, std::allocator<std::pair<double, int> > >::_Vector_impl_data::_Vector_impl_data()
                0x08001e6a                std::_Vector_base<std::pair<double, int>, std::allocator<std::pair<double, int> > >::_Vector_impl_data::_Vector_impl_data()
 .text._ZNSt15__new_allocatorISt4pairIdiEED2Ev
                0x08001e92       0x16 ./Core/Src/traveling_spaceship.o
                0x08001e92                std::__new_allocator<std::pair<double, int> >::~__new_allocator()
                0x08001e92                std::__new_allocator<std::pair<double, int> >::~__new_allocator()
 .text._ZNSt12_Vector_baseISt4pairIdiESaIS1_EE13_M_deallocateEPS1_j
                0x08001ea8       0x32 ./Core/Src/traveling_spaceship.o
                0x08001ea8                std::_Vector_base<std::pair<double, int>, std::allocator<std::pair<double, int> > >::_M_deallocate(std::pair<double, int>*, unsigned int)
 .text._ZNSt12_Vector_baseISt4pairIdiESaIS1_EE19_M_get_Tp_allocatorEv
                0x08001eda       0x16 ./Core/Src/traveling_spaceship.o
                0x08001eda                std::_Vector_base<std::pair<double, int>, std::allocator<std::pair<double, int> > >::_M_get_Tp_allocator()
 .text._ZNKSt6vectorISt4pairIdiESaIS1_EE8max_sizeEv
                0x08001ef0       0x22 ./Core/Src/traveling_spaceship.o
                0x08001ef0                std::vector<std::pair<double, int>, std::allocator<std::pair<double, int> > >::max_size() const
 .text._ZNKSt6vectorISt4pairIdiESaIS1_EE8capacityEv
                0x08001f12       0x20 ./Core/Src/traveling_spaceship.o
                0x08001f12                std::vector<std::pair<double, int>, std::allocator<std::pair<double, int> > >::capacity() const
 .text._ZNKSt6vectorISt4pairIdiESaIS1_EE4sizeEv
                0x08001f32       0x20 ./Core/Src/traveling_spaceship.o
                0x08001f32                std::vector<std::pair<double, int>, std::allocator<std::pair<double, int> > >::size() const
 .text._ZNSt12_Vector_baseISt4pairIdiESaIS1_EE11_M_allocateEj
                0x08001f52       0x32 ./Core/Src/traveling_spaceship.o
                0x08001f52                std::_Vector_base<std::pair<double, int>, std::allocator<std::pair<double, int> > >::_M_allocate(unsigned int)
 .text._ZNSt6vectorISt4pairIdiESaIS1_EE11_S_relocateEPS1_S4_S4_RS2_
                0x08001f84       0x28 ./Core/Src/traveling_spaceship.o
                0x08001f84                std::vector<std::pair<double, int>, std::allocator<std::pair<double, int> > >::_S_relocate(std::pair<double, int>*, std::pair<double, int>*, std::pair<double, int>*, std::allocator<std::pair<double, int> >&)
 .text._ZSt32__make_move_if_noexcept_iteratorISt4pairIdiESt13move_iteratorIPS1_EET0_PT_
                0x08001fac       0x1e ./Core/Src/traveling_spaceship.o
                0x08001fac                std::move_iterator<std::pair<double, int>*> std::__make_move_if_noexcept_iterator<std::pair<double, int>, std::move_iterator<std::pair<double, int>*> >(std::pair<double, int>*)
 .text._ZNSt6vectorISt4pairIdiESaIS1_EE20_M_allocate_and_copyISt13move_iteratorIPS1_EEES6_jT_S8_
                0x08001fca       0x38 ./Core/Src/traveling_spaceship.o
                0x08001fca                std::pair<double, int>* std::vector<std::pair<double, int>, std::allocator<std::pair<double, int> > >::_M_allocate_and_copy<std::move_iterator<std::pair<double, int>*> >(unsigned int, std::move_iterator<std::pair<double, int>*>, std::move_iterator<std::pair<double, int>*>)
 .text._ZSt7forwardIiEOT_RNSt16remove_referenceIS0_E4typeE
                0x08002002       0x16 ./Core/Src/traveling_spaceship.o
                0x08002002                int&& std::forward<int>(std::remove_reference<int>::type&)
 .text._ZSt7forwardIRiEOT_RNSt16remove_referenceIS1_E4typeE
                0x08002018       0x16 ./Core/Src/traveling_spaceship.o
                0x08002018                int& std::forward<int&>(std::remove_reference<int&>::type&)
 .text._ZNSt4pairIiiEC2IiRiLb1EEEOT_OT0_
                0x0800202e       0x32 ./Core/Src/traveling_spaceship.o
                0x0800202e                std::pair<int, int>::pair<int, int&, true>(int&&, int&)
                0x0800202e                std::pair<int, int>::pair<int, int&, true>(int&&, int&)
 .text._ZSt4moveIRSt4pairIdiEEONSt16remove_referenceIT_E4typeEOS4_
                0x08002060       0x16 ./Core/Src/traveling_spaceship.o
                0x08002060                std::remove_reference<std::pair<double, int>&>::type&& std::move<std::pair<double, int>&>(std::pair<double, int>&)
 .text._ZNSt6vectorISt4pairIdiESaIS1_EE12emplace_backIJS1_EEEvDpOT_
                0x08002076       0x8a ./Core/Src/traveling_spaceship.o
                0x08002076                void std::vector<std::pair<double, int>, std::allocator<std::pair<double, int> > >::emplace_back<std::pair<double, int> >(std::pair<double, int>&&)
 .text._ZSt7forwardIRdEOT_RNSt16remove_referenceIS1_E4typeE
                0x08002100       0x16 ./Core/Src/traveling_spaceship.o
                0x08002100                double& std::forward<double&>(std::remove_reference<double&>::type&)
 .text._ZNSt4pairIdiEC2IRdRiLb1EEEOT_OT0_
                0x08002116       0x36 ./Core/Src/traveling_spaceship.o
                0x08002116                std::pair<double, int>::pair<double&, int&, true>(double&, int&)
                0x08002116                std::pair<double, int>::pair<double&, int&, true>(double&, int&)
 .text._ZSt7forwardIdEOT_RNSt16remove_referenceIS0_E4typeE
                0x0800214c       0x16 ./Core/Src/traveling_spaceship.o
                0x0800214c                double&& std::forward<double>(std::remove_reference<double>::type&)
 .text._ZN9__gnu_cxx17__normal_iteratorIPSt4pairIdiESt6vectorIS2_SaIS2_EEEC2ERKS3_
                0x08002162       0x20 ./Core/Src/traveling_spaceship.o
                0x08002162                __gnu_cxx::__normal_iterator<std::pair<double, int>*, std::vector<std::pair<double, int>, std::allocator<std::pair<double, int> > > >::__normal_iterator(std::pair<double, int>* const&)
                0x08002162                __gnu_cxx::__normal_iterator<std::pair<double, int>*, std::vector<std::pair<double, int>, std::allocator<std::pair<double, int> > > >::__normal_iterator(std::pair<double, int>* const&)
 .text._ZN9__gnu_cxxeqIPSt4pairIdiESt6vectorIS2_SaIS2_EEEEbRKNS_17__normal_iteratorIT_T0_EESC_
                0x08002182       0x30 ./Core/Src/traveling_spaceship.o
                0x08002182                bool __gnu_cxx::operator==<std::pair<double, int>*, std::vector<std::pair<double, int>, std::allocator<std::pair<double, int> > > >(__gnu_cxx::__normal_iterator<std::pair<double, int>*, std::vector<std::pair<double, int>, std::allocator<std::pair<double, int> > > > const&, __gnu_cxx::__normal_iterator<std::pair<double, int>*, std::vector<std::pair<double, int>, std::allocator<std::pair<double, int> > > > const&)
 .text._ZN9__gnu_cxxmiIPSt4pairIdiESt6vectorIS2_SaIS2_EEEENS_17__normal_iteratorIT_T0_E15difference_typeERKSA_SD_
                0x080021b2       0x2a ./Core/Src/traveling_spaceship.o
                0x080021b2                __gnu_cxx::__normal_iterator<std::pair<double, int>*, std::vector<std::pair<double, int>, std::allocator<std::pair<double, int> > > >::difference_type __gnu_cxx::operator-<std::pair<double, int>*, std::vector<std::pair<double, int>, std::allocator<std::pair<double, int> > > >(__gnu_cxx::__normal_iterator<std::pair<double, int>*, std::vector<std::pair<double, int>, std::allocator<std::pair<double, int> > > > const&, __gnu_cxx::__normal_iterator<std::pair<double, int>*, std::vector<std::pair<double, int>, std::allocator<std::pair<double, int> > > > const&)
 .text._ZSt4__lgIiET_S0_
                0x080021dc       0x1c ./Core/Src/traveling_spaceship.o
                0x080021dc                int std::__lg<int>(int)
 .text._ZSt13__introselectIN9__gnu_cxx17__normal_iteratorIPSt4pairIdiESt6vectorIS3_SaIS3_EEEEiNS0_5__ops15_Iter_less_iterEEvT_SB_SB_T0_T1_
                0x080021f8       0x9a ./Core/Src/traveling_spaceship.o
                0x080021f8                void std::__introselect<__gnu_cxx::__normal_iterator<std::pair<double, int>*, std::vector<std::pair<double, int>, std::allocator<std::pair<double, int> > > >, int, __gnu_cxx::__ops::_Iter_less_iter>(__gnu_cxx::__normal_iterator<std::pair<double, int>*, std::vector<std::pair<double, int>, std::allocator<std::pair<double, int> > > >, __gnu_cxx::__normal_iterator<std::pair<double, int>*, std::vector<std::pair<double, int>, std::allocator<std::pair<double, int> > > >, __gnu_cxx::__normal_iterator<std::pair<double, int>*, std::vector<std::pair<double, int>, std::allocator<std::pair<double, int> > > >, int, __gnu_cxx::__ops::_Iter_less_iter)
 .text._ZNSt8__detail5__modIjLj0ELj1ELj0EEET_S1_
                0x08002292       0x1e ./Core/Src/traveling_spaceship.o
                0x08002292                unsigned int std::__detail::__mod<unsigned int, 0u, 1u, 0u>(unsigned int)
 .text._ZNSt8__detail5__modIjLj624ELj1ELj0EEET_S1_
                0x080022b0       0x1e ./Core/Src/traveling_spaceship.o
                0x080022b0                unsigned int std::__detail::__mod<unsigned int, 624u, 1u, 0u>(unsigned int)
 .text._ZNKSt24uniform_int_distributionIiE10param_type1bEv
                0x080022ce       0x18 ./Core/Src/traveling_spaceship.o
                0x080022ce                std::uniform_int_distribution<int>::param_type::b() const
 .text._ZNKSt24uniform_int_distributionIiE10param_type1aEv
                0x080022e6       0x18 ./Core/Src/traveling_spaceship.o
                0x080022e6                std::uniform_int_distribution<int>::param_type::a() const
 .text._ZNSt24uniform_int_distributionIiE5_S_ndIySt23mersenne_twister_engineIjLj32ELj624ELj397ELj31ELj2567483615ELj11ELj4294967295ELj7ELj2636928640ELj15ELj4022730752ELj18ELj1812433253EEmEET1_RT0_S4_
                0x080022fe       0xd4 ./Core/Src/traveling_spaceship.o
                0x080022fe                unsigned long std::uniform_int_distribution<int>::_S_nd<unsigned long long, std::mersenne_twister_engine<unsigned int, 32u, 624u, 397u, 31u, 2567483615u, 11u, 4294967295u, 7u, 2636928640u, 15u, 4022730752u, 18u, 1812433253u>, unsigned long>(std::mersenne_twister_engine<unsigned int, 32u, 624u, 397u, 31u, 2567483615u, 11u, 4294967295u, 7u, 2636928640u, 15u, 4022730752u, 18u, 1812433253u>&, unsigned long)
 *fill*         0x080023d2        0x2 
 .text._ZNSt23mersenne_twister_engineIjLj32ELj624ELj397ELj31ELj2567483615ELj11ELj4294967295ELj7ELj2636928640ELj15ELj4022730752ELj18ELj1812433253EEclEv
                0x080023d4       0x74 ./Core/Src/traveling_spaceship.o
                0x080023d4                std::mersenne_twister_engine<unsigned int, 32u, 624u, 397u, 31u, 2567483615u, 11u, 4294967295u, 7u, 2636928640u, 15u, 4022730752u, 18u, 1812433253u>::operator()()
 .text._ZSt8_DestroyIPSt4pairIdiEEvT_S3_
                0x08002448       0x1a ./Core/Src/traveling_spaceship.o
                0x08002448                void std::_Destroy<std::pair<double, int>*>(std::pair<double, int>*, std::pair<double, int>*)
 .text._ZNSt6vectorISt4pairIdiESaIS1_EE11_S_max_sizeERKS2_
                0x08002462       0x40 ./Core/Src/traveling_spaceship.o
                0x08002462                std::vector<std::pair<double, int>, std::allocator<std::pair<double, int> > >::_S_max_size(std::allocator<std::pair<double, int> > const&)
 .text._ZNKSt12_Vector_baseISt4pairIdiESaIS1_EE19_M_get_Tp_allocatorEv
                0x080024a2       0x16 ./Core/Src/traveling_spaceship.o
                0x080024a2                std::_Vector_base<std::pair<double, int>, std::allocator<std::pair<double, int> > >::_M_get_Tp_allocator() const
 .text._ZNSt6vectorISt4pairIdiESaIS1_EE14_S_do_relocateEPS1_S4_S4_RS2_St17integral_constantIbLb1EE
                0x080024b8       0x24 ./Core/Src/traveling_spaceship.o
                0x080024b8                std::vector<std::pair<double, int>, std::allocator<std::pair<double, int> > >::_S_do_relocate(std::pair<double, int>*, std::pair<double, int>*, std::pair<double, int>*, std::allocator<std::pair<double, int> >&, std::integral_constant<bool, true>)
 .text._ZNSt13move_iteratorIPSt4pairIdiEEC2ES2_
                0x080024dc       0x24 ./Core/Src/traveling_spaceship.o
                0x080024dc                std::move_iterator<std::pair<double, int>*>::move_iterator(std::pair<double, int>*)
                0x080024dc                std::move_iterator<std::pair<double, int>*>::move_iterator(std::pair<double, int>*)
 .text._ZSt22__uninitialized_copy_aISt13move_iteratorIPSt4pairIdiEES3_S2_ET0_T_S6_S5_RSaIT1_E
                0x08002500       0x22 ./Core/Src/traveling_spaceship.o
                0x08002500                std::pair<double, int>* std::__uninitialized_copy_a<std::move_iterator<std::pair<double, int>*>, std::pair<double, int>*, std::pair<double, int> >(std::move_iterator<std::pair<double, int>*>, std::move_iterator<std::pair<double, int>*>, std::pair<double, int>*, std::allocator<std::pair<double, int> >&)
 .text._ZSt7forwardISt4pairIdiEEOT_RNSt16remove_referenceIS2_E4typeE
                0x08002522       0x16 ./Core/Src/traveling_spaceship.o
                0x08002522                std::pair<double, int>&& std::forward<std::pair<double, int> >(std::remove_reference<std::pair<double, int> >::type&)
 .text._ZNSt6vectorISt4pairIdiESaIS1_EE17_M_realloc_insertIJS1_EEEvN9__gnu_cxx17__normal_iteratorIPS1_S3_EEDpOT_
                0x08002538      0x1ac ./Core/Src/traveling_spaceship.o
                0x08002538                void std::vector<std::pair<double, int>, std::allocator<std::pair<double, int> > >::_M_realloc_insert<std::pair<double, int> >(__gnu_cxx::__normal_iterator<std::pair<double, int>*, std::vector<std::pair<double, int>, std::allocator<std::pair<double, int> > > >, std::pair<double, int>&&)
 .text._ZNK9__gnu_cxx17__normal_iteratorIPSt4pairIdiESt6vectorIS2_SaIS2_EEE4baseEv
                0x080026e4       0x16 ./Core/Src/traveling_spaceship.o
                0x080026e4                __gnu_cxx::__normal_iterator<std::pair<double, int>*, std::vector<std::pair<double, int>, std::allocator<std::pair<double, int> > > >::base() const
 .text._ZSt11__bit_widthIjEiT_
                0x080026fa       0x20 ./Core/Src/traveling_spaceship.o
                0x080026fa                int std::__bit_width<unsigned int>(unsigned int)
 .text._ZSt13__heap_selectIN9__gnu_cxx17__normal_iteratorIPSt4pairIdiESt6vectorIS3_SaIS3_EEEENS0_5__ops15_Iter_less_iterEEvT_SB_SB_T0_
                0x0800271a       0x66 ./Core/Src/traveling_spaceship.o
                0x0800271a                void std::__heap_select<__gnu_cxx::__normal_iterator<std::pair<double, int>*, std::vector<std::pair<double, int>, std::allocator<std::pair<double, int> > > >, __gnu_cxx::__ops::_Iter_less_iter>(__gnu_cxx::__normal_iterator<std::pair<double, int>*, std::vector<std::pair<double, int>, std::allocator<std::pair<double, int> > > >, __gnu_cxx::__normal_iterator<std::pair<double, int>*, std::vector<std::pair<double, int>, std::allocator<std::pair<double, int> > > >, __gnu_cxx::__normal_iterator<std::pair<double, int>*, std::vector<std::pair<double, int>, std::allocator<std::pair<double, int> > > >, __gnu_cxx::__ops::_Iter_less_iter)
 .text._ZSt9iter_swapIN9__gnu_cxx17__normal_iteratorIPSt4pairIdiESt6vectorIS3_SaIS3_EEEES8_EvT_T0_
                0x08002780       0x2e ./Core/Src/traveling_spaceship.o
                0x08002780                void std::iter_swap<__gnu_cxx::__normal_iterator<std::pair<double, int>*, std::vector<std::pair<double, int>, std::allocator<std::pair<double, int> > > >, __gnu_cxx::__normal_iterator<std::pair<double, int>*, std::vector<std::pair<double, int>, std::allocator<std::pair<double, int> > > > >(__gnu_cxx::__normal_iterator<std::pair<double, int>*, std::vector<std::pair<double, int>, std::allocator<std::pair<double, int> > > >, __gnu_cxx::__normal_iterator<std::pair<double, int>*, std::vector<std::pair<double, int>, std::allocator<std::pair<double, int> > > >)
 .text._ZSt27__unguarded_partition_pivotIN9__gnu_cxx17__normal_iteratorIPSt4pairIdiESt6vectorIS3_SaIS3_EEEENS0_5__ops15_Iter_less_iterEET_SB_SB_T0_
                0x080027ae       0x82 ./Core/Src/traveling_spaceship.o
                0x080027ae                __gnu_cxx::__normal_iterator<std::pair<double, int>*, std::vector<std::pair<double, int>, std::allocator<std::pair<double, int> > > > std::__unguarded_partition_pivot<__gnu_cxx::__normal_iterator<std::pair<double, int>*, std::vector<std::pair<double, int>, std::allocator<std::pair<double, int> > > >, __gnu_cxx::__ops::_Iter_less_iter>(__gnu_cxx::__normal_iterator<std::pair<double, int>*, std::vector<std::pair<double, int>, std::allocator<std::pair<double, int> > > >, __gnu_cxx::__normal_iterator<std::pair<double, int>*, std::vector<std::pair<double, int>, std::allocator<std::pair<double, int> > > >, __gnu_cxx::__ops::_Iter_less_iter)
 .text._ZN9__gnu_cxxleIPSt4pairIdiESt6vectorIS2_SaIS2_EEEEbRKNS_17__normal_iteratorIT_T0_EESC_
                0x08002830       0x30 ./Core/Src/traveling_spaceship.o
                0x08002830                bool __gnu_cxx::operator<=<std::pair<double, int>*, std::vector<std::pair<double, int>, std::allocator<std::pair<double, int> > > >(__gnu_cxx::__normal_iterator<std::pair<double, int>*, std::vector<std::pair<double, int>, std::allocator<std::pair<double, int> > > > const&, __gnu_cxx::__normal_iterator<std::pair<double, int>*, std::vector<std::pair<double, int>, std::allocator<std::pair<double, int> > > > const&)
 .text._ZSt16__insertion_sortIN9__gnu_cxx17__normal_iteratorIPSt4pairIdiESt6vectorIS3_SaIS3_EEEENS0_5__ops15_Iter_less_iterEEvT_SB_T0_
                0x08002860       0xd6 ./Core/Src/traveling_spaceship.o
                0x08002860                void std::__insertion_sort<__gnu_cxx::__normal_iterator<std::pair<double, int>*, std::vector<std::pair<double, int>, std::allocator<std::pair<double, int> > > >, __gnu_cxx::__ops::_Iter_less_iter>(__gnu_cxx::__normal_iterator<std::pair<double, int>*, std::vector<std::pair<double, int>, std::allocator<std::pair<double, int> > > >, __gnu_cxx::__normal_iterator<std::pair<double, int>*, std::vector<std::pair<double, int>, std::allocator<std::pair<double, int> > > >, __gnu_cxx::__ops::_Iter_less_iter)
 .text._ZNSt8__detail4_ModIjLj0ELj1ELj0ELb1ELb0EE6__calcEj
                0x08002936       0x1a ./Core/Src/traveling_spaceship.o
                0x08002936                std::__detail::_Mod<unsigned int, 0u, 1u, 0u, true, false>::__calc(unsigned int)
 .text._ZNSt8__detail4_ModIjLj624ELj1ELj0ELb1ELb1EE6__calcEj
                0x08002950       0x38 ./Core/Src/traveling_spaceship.o
                0x08002950                std::__detail::_Mod<unsigned int, 624u, 1u, 0u, true, true>::__calc(unsigned int)
 .text._ZNSt23mersenne_twister_engineIjLj32ELj624ELj397ELj31ELj2567483615ELj11ELj4294967295ELj7ELj2636928640ELj15ELj4022730752ELj18ELj1812433253EE11_M_gen_randEv
                0x08002988      0x128 ./Core/Src/traveling_spaceship.o
                0x08002988                std::mersenne_twister_engine<unsigned int, 32u, 624u, 397u, 31u, 2567483615u, 11u, 4294967295u, 7u, 2636928640u, 15u, 4022730752u, 18u, 1812433253u>::_M_gen_rand()
 .text._ZNSt15__new_allocatorISt4pairIdiEE10deallocateEPS1_j
                0x08002ab0       0x20 ./Core/Src/traveling_spaceship.o
                0x08002ab0                std::__new_allocator<std::pair<double, int> >::deallocate(std::pair<double, int>*, unsigned int)
 .text._ZNSt12_Destroy_auxILb1EE9__destroyIPSt4pairIdiEEEvT_S5_
                0x08002ad0       0x16 ./Core/Src/traveling_spaceship.o
                0x08002ad0                void std::_Destroy_aux<true>::__destroy<std::pair<double, int>*>(std::pair<double, int>*, std::pair<double, int>*)
 .text._ZSt3minIjERKT_S2_S2_
                0x08002ae6       0x28 ./Core/Src/traveling_spaceship.o
                0x08002ae6                unsigned int const& std::min<unsigned int>(unsigned int const&, unsigned int const&)
 .text._ZNSt15__new_allocatorISt4pairIdiEE8allocateEjPKv
                0x08002b0e       0x52 ./Core/Src/traveling_spaceship.o
                0x08002b0e                std::__new_allocator<std::pair<double, int> >::allocate(unsigned int, void const*)
 .text._ZSt12__relocate_aIPSt4pairIdiES2_SaIS1_EET0_T_S5_S4_RT1_
                0x08002b60       0x3a ./Core/Src/traveling_spaceship.o
                0x08002b60                std::pair<double, int>* std::__relocate_a<std::pair<double, int>*, std::pair<double, int>*, std::allocator<std::pair<double, int> > >(std::pair<double, int>*, std::pair<double, int>*, std::pair<double, int>*, std::allocator<std::pair<double, int> >&)
 .text._ZSt4moveIRPSt4pairIdiEEONSt16remove_referenceIT_E4typeEOS5_
                0x08002b9a       0x16 ./Core/Src/traveling_spaceship.o
                0x08002b9a                std::remove_reference<std::pair<double, int>*&>::type&& std::move<std::pair<double, int>*&>(std::pair<double, int>*&)
 .text._ZSt18uninitialized_copyISt13move_iteratorIPSt4pairIdiEES3_ET0_T_S6_S5_
                0x08002bb0       0x28 ./Core/Src/traveling_spaceship.o
                0x08002bb0                std::pair<double, int>* std::uninitialized_copy<std::move_iterator<std::pair<double, int>*>, std::pair<double, int>*>(std::move_iterator<std::pair<double, int>*>, std::move_iterator<std::pair<double, int>*>, std::pair<double, int>*)
 .text._ZNKSt6vectorISt4pairIdiESaIS1_EE12_M_check_lenEjPKc
                0x08002bd8       0x8e ./Core/Src/traveling_spaceship.o
                0x08002bd8                std::vector<std::pair<double, int>, std::allocator<std::pair<double, int> > >::_M_check_len(unsigned int, char const*) const
 .text._ZSt34__uninitialized_move_if_noexcept_aIPSt4pairIdiES2_SaIS1_EET0_T_S5_S4_RT1_
                0x08002c66       0x32 ./Core/Src/traveling_spaceship.o
                0x08002c66                std::pair<double, int>* std::__uninitialized_move_if_noexcept_a<std::pair<double, int>*, std::pair<double, int>*, std::allocator<std::pair<double, int> > >(std::pair<double, int>*, std::pair<double, int>*, std::pair<double, int>*, std::allocator<std::pair<double, int> >&)
 .text._ZSt13__countl_zeroIjEiT_
                0x08002c98       0x3a ./Core/Src/traveling_spaceship.o
                0x08002c98                int std::__countl_zero<unsigned int>(unsigned int)
 .text._ZSt11__make_heapIN9__gnu_cxx17__normal_iteratorIPSt4pairIdiESt6vectorIS3_SaIS3_EEEENS0_5__ops15_Iter_less_iterEEvT_SB_RT0_
                0x08002cd2       0xb6 ./Core/Src/traveling_spaceship.o
                0x08002cd2                void std::__make_heap<__gnu_cxx::__normal_iterator<std::pair<double, int>*, std::vector<std::pair<double, int>, std::allocator<std::pair<double, int> > > >, __gnu_cxx::__ops::_Iter_less_iter>(__gnu_cxx::__normal_iterator<std::pair<double, int>*, std::vector<std::pair<double, int>, std::allocator<std::pair<double, int> > > >, __gnu_cxx::__normal_iterator<std::pair<double, int>*, std::vector<std::pair<double, int>, std::allocator<std::pair<double, int> > > >, __gnu_cxx::__ops::_Iter_less_iter&)
 .text._ZN9__gnu_cxxltIPSt4pairIdiESt6vectorIS2_SaIS2_EEEEbRKNS_17__normal_iteratorIT_T0_EESC_
                0x08002d88       0x30 ./Core/Src/traveling_spaceship.o
                0x08002d88                bool __gnu_cxx::operator< <std::pair<double, int>*, std::vector<std::pair<double, int>, std::allocator<std::pair<double, int> > > >(__gnu_cxx::__normal_iterator<std::pair<double, int>*, std::vector<std::pair<double, int>, std::allocator<std::pair<double, int> > > > const&, __gnu_cxx::__normal_iterator<std::pair<double, int>*, std::vector<std::pair<double, int>, std::allocator<std::pair<double, int> > > > const&)
 .text._ZN9__gnu_cxx17__normal_iteratorIPSt4pairIdiESt6vectorIS2_SaIS2_EEEppEv
                0x08002db8       0x22 ./Core/Src/traveling_spaceship.o
                0x08002db8                __gnu_cxx::__normal_iterator<std::pair<double, int>*, std::vector<std::pair<double, int>, std::allocator<std::pair<double, int> > > >::operator++()
 .text._ZNK9__gnu_cxx5__ops15_Iter_less_iterclINS_17__normal_iteratorIPSt4pairIdiESt6vectorIS5_SaIS5_EEEESA_EEbT_T0_
                0x08002dda       0x34 ./Core/Src/traveling_spaceship.o
                0x08002dda                bool __gnu_cxx::__ops::_Iter_less_iter::operator()<__gnu_cxx::__normal_iterator<std::pair<double, int>*, std::vector<std::pair<double, int>, std::allocator<std::pair<double, int> > > >, __gnu_cxx::__normal_iterator<std::pair<double, int>*, std::vector<std::pair<double, int>, std::allocator<std::pair<double, int> > > > >(__gnu_cxx::__normal_iterator<std::pair<double, int>*, std::vector<std::pair<double, int>, std::allocator<std::pair<double, int> > > >, __gnu_cxx::__normal_iterator<std::pair<double, int>*, std::vector<std::pair<double, int>, std::allocator<std::pair<double, int> > > >) const
 .text._ZSt10__pop_heapIN9__gnu_cxx17__normal_iteratorIPSt4pairIdiESt6vectorIS3_SaIS3_EEEENS0_5__ops15_Iter_less_iterEEvT_SB_SB_RT0_
                0x08002e0e       0x8c ./Core/Src/traveling_spaceship.o
                0x08002e0e                void std::__pop_heap<__gnu_cxx::__normal_iterator<std::pair<double, int>*, std::vector<std::pair<double, int>, std::allocator<std::pair<double, int> > > >, __gnu_cxx::__ops::_Iter_less_iter>(__gnu_cxx::__normal_iterator<std::pair<double, int>*, std::vector<std::pair<double, int>, std::allocator<std::pair<double, int> > > >, __gnu_cxx::__normal_iterator<std::pair<double, int>*, std::vector<std::pair<double, int>, std::allocator<std::pair<double, int> > > >, __gnu_cxx::__normal_iterator<std::pair<double, int>*, std::vector<std::pair<double, int>, std::allocator<std::pair<double, int> > > >, __gnu_cxx::__ops::_Iter_less_iter&)
 .text._ZNK9__gnu_cxx17__normal_iteratorIPSt4pairIdiESt6vectorIS2_SaIS2_EEEdeEv
                0x08002e9a       0x18 ./Core/Src/traveling_spaceship.o
                0x08002e9a                __gnu_cxx::__normal_iterator<std::pair<double, int>*, std::vector<std::pair<double, int>, std::allocator<std::pair<double, int> > > >::operator*() const
 .text._ZSt4swapIdiENSt9enable_ifIXsrSt6__and_IJSt14__is_swappableIT_ES2_IT0_EEE5valueEvE4typeERSt4pairIS3_S5_ESC_
                0x08002eb2       0x1a ./Core/Src/traveling_spaceship.o
                0x08002eb2                std::enable_if<std::__and_<std::__is_swappable<double>, std::__is_swappable<int> >::value, void>::type std::swap<double, int>(std::pair<double, int>&, std::pair<double, int>&)
 .text._ZNK9__gnu_cxx17__normal_iteratorIPSt4pairIdiESt6vectorIS2_SaIS2_EEEmiEi
                0x08002ecc       0x32 ./Core/Src/traveling_spaceship.o
                0x08002ecc                __gnu_cxx::__normal_iterator<std::pair<double, int>*, std::vector<std::pair<double, int>, std::allocator<std::pair<double, int> > > >::operator-(int) const
 .text._ZSt22__move_median_to_firstIN9__gnu_cxx17__normal_iteratorIPSt4pairIdiESt6vectorIS3_SaIS3_EEEENS0_5__ops15_Iter_less_iterEEvT_SB_SB_SB_T0_
                0x08002efe       0xaa ./Core/Src/traveling_spaceship.o
                0x08002efe                void std::__move_median_to_first<__gnu_cxx::__normal_iterator<std::pair<double, int>*, std::vector<std::pair<double, int>, std::allocator<std::pair<double, int> > > >, __gnu_cxx::__ops::_Iter_less_iter>(__gnu_cxx::__normal_iterator<std::pair<double, int>*, std::vector<std::pair<double, int>, std::allocator<std::pair<double, int> > > >, __gnu_cxx::__normal_iterator<std::pair<double, int>*, std::vector<std::pair<double, int>, std::allocator<std::pair<double, int> > > >, __gnu_cxx::__normal_iterator<std::pair<double, int>*, std::vector<std::pair<double, int>, std::allocator<std::pair<double, int> > > >, __gnu_cxx::__normal_iterator<std::pair<double, int>*, std::vector<std::pair<double, int>, std::allocator<std::pair<double, int> > > >, __gnu_cxx::__ops::_Iter_less_iter)
 .text._ZSt21__unguarded_partitionIN9__gnu_cxx17__normal_iteratorIPSt4pairIdiESt6vectorIS3_SaIS3_EEEENS0_5__ops15_Iter_less_iterEET_SB_SB_SB_T0_
                0x08002fa8       0x90 ./Core/Src/traveling_spaceship.o
                0x08002fa8                __gnu_cxx::__normal_iterator<std::pair<double, int>*, std::vector<std::pair<double, int>, std::allocator<std::pair<double, int> > > > std::__unguarded_partition<__gnu_cxx::__normal_iterator<std::pair<double, int>*, std::vector<std::pair<double, int>, std::allocator<std::pair<double, int> > > >, __gnu_cxx::__ops::_Iter_less_iter>(__gnu_cxx::__normal_iterator<std::pair<double, int>*, std::vector<std::pair<double, int>, std::allocator<std::pair<double, int> > > >, __gnu_cxx::__normal_iterator<std::pair<double, int>*, std::vector<std::pair<double, int>, std::allocator<std::pair<double, int> > > >, __gnu_cxx::__normal_iterator<std::pair<double, int>*, std::vector<std::pair<double, int>, std::allocator<std::pair<double, int> > > >, __gnu_cxx::__ops::_Iter_less_iter)
 .text._ZN9__gnu_cxxneIPSt4pairIdiESt6vectorIS2_SaIS2_EEEEbRKNS_17__normal_iteratorIT_T0_EESC_
                0x08003038       0x30 ./Core/Src/traveling_spaceship.o
                0x08003038                bool __gnu_cxx::operator!=<std::pair<double, int>*, std::vector<std::pair<double, int>, std::allocator<std::pair<double, int> > > >(__gnu_cxx::__normal_iterator<std::pair<double, int>*, std::vector<std::pair<double, int>, std::allocator<std::pair<double, int> > > > const&, __gnu_cxx::__normal_iterator<std::pair<double, int>*, std::vector<std::pair<double, int>, std::allocator<std::pair<double, int> > > > const&)
 .text._ZSt13move_backwardIN9__gnu_cxx17__normal_iteratorIPSt4pairIdiESt6vectorIS3_SaIS3_EEEES8_ET0_T_SA_S9_
                0x08003068       0x30 ./Core/Src/traveling_spaceship.o
                0x08003068                __gnu_cxx::__normal_iterator<std::pair<double, int>*, std::vector<std::pair<double, int>, std::allocator<std::pair<double, int> > > > std::move_backward<__gnu_cxx::__normal_iterator<std::pair<double, int>*, std::vector<std::pair<double, int>, std::allocator<std::pair<double, int> > > >, __gnu_cxx::__normal_iterator<std::pair<double, int>*, std::vector<std::pair<double, int>, std::allocator<std::pair<double, int> > > > >(__gnu_cxx::__normal_iterator<std::pair<double, int>*, std::vector<std::pair<double, int>, std::allocator<std::pair<double, int> > > >, __gnu_cxx::__normal_iterator<std::pair<double, int>*, std::vector<std::pair<double, int>, std::allocator<std::pair<double, int> > > >, __gnu_cxx::__normal_iterator<std::pair<double, int>*, std::vector<std::pair<double, int>, std::allocator<std::pair<double, int> > > >)
 .text._ZSt25__unguarded_linear_insertIN9__gnu_cxx17__normal_iteratorIPSt4pairIdiESt6vectorIS3_SaIS3_EEEENS0_5__ops14_Val_less_iterEEvT_T0_
                0x08003098       0xa4 ./Core/Src/traveling_spaceship.o
                0x08003098                void std::__unguarded_linear_insert<__gnu_cxx::__normal_iterator<std::pair<double, int>*, std::vector<std::pair<double, int>, std::allocator<std::pair<double, int> > > >, __gnu_cxx::__ops::_Val_less_iter>(__gnu_cxx::__normal_iterator<std::pair<double, int>*, std::vector<std::pair<double, int>, std::allocator<std::pair<double, int> > > >, __gnu_cxx::__ops::_Val_less_iter)
 .text._ZSt12__niter_baseIPSt4pairIdiEET_S3_
                0x0800313c       0x16 ./Core/Src/traveling_spaceship.o
                0x0800313c                std::pair<double, int>* std::__niter_base<std::pair<double, int>*>(std::pair<double, int>*)
 .text._ZSt14__relocate_a_1IPSt4pairIdiES2_SaIS1_EET0_T_S5_S4_RT1_
                0x08003152       0x4c ./Core/Src/traveling_spaceship.o
                0x08003152                std::pair<double, int>* std::__relocate_a_1<std::pair<double, int>*, std::pair<double, int>*, std::allocator<std::pair<double, int> > >(std::pair<double, int>*, std::pair<double, int>*, std::pair<double, int>*, std::allocator<std::pair<double, int> >&)
 .text._ZNSt20__uninitialized_copyILb0EE13__uninit_copyISt13move_iteratorIPSt4pairIdiEES5_EET0_T_S8_S7_
                0x0800319e       0x20 ./Core/Src/traveling_spaceship.o
                0x0800319e                std::pair<double, int>* std::__uninitialized_copy<false>::__uninit_copy<std::move_iterator<std::pair<double, int>*>, std::pair<double, int>*>(std::move_iterator<std::pair<double, int>*>, std::move_iterator<std::pair<double, int>*>, std::pair<double, int>*)
 .text._ZSt3maxIjERKT_S2_S2_
                0x080031be       0x28 ./Core/Src/traveling_spaceship.o
                0x080031be                unsigned int const& std::max<unsigned int>(unsigned int const&, unsigned int const&)
 .text._ZSt13__adjust_heapIN9__gnu_cxx17__normal_iteratorIPSt4pairIdiESt6vectorIS3_SaIS3_EEEEiS3_NS0_5__ops15_Iter_less_iterEEvT_T0_SC_T1_T2_
                0x080031e6      0x170 ./Core/Src/traveling_spaceship.o
                0x080031e6                void std::__adjust_heap<__gnu_cxx::__normal_iterator<std::pair<double, int>*, std::vector<std::pair<double, int>, std::allocator<std::pair<double, int> > > >, int, std::pair<double, int>, __gnu_cxx::__ops::_Iter_less_iter>(__gnu_cxx::__normal_iterator<std::pair<double, int>*, std::vector<std::pair<double, int>, std::allocator<std::pair<double, int> > > >, int, int, std::pair<double, int>, __gnu_cxx::__ops::_Iter_less_iter)
 .text._ZStltIdiEbRKSt4pairIT_T0_ES5_
                0x08003356       0x64 ./Core/Src/traveling_spaceship.o
                0x08003356                bool std::operator< <double, int>(std::pair<double, int> const&, std::pair<double, int> const&)
 .text._ZNSt4pairIdiE4swapERS0_
                0x080033ba       0x30 ./Core/Src/traveling_spaceship.o
                0x080033ba                std::pair<double, int>::swap(std::pair<double, int>&)
 .text._ZN9__gnu_cxx17__normal_iteratorIPSt4pairIdiESt6vectorIS2_SaIS2_EEEmmEv
                0x080033ea       0x22 ./Core/Src/traveling_spaceship.o
                0x080033ea                __gnu_cxx::__normal_iterator<std::pair<double, int>*, std::vector<std::pair<double, int>, std::allocator<std::pair<double, int> > > >::operator--()
 .text._ZSt12__miter_baseIN9__gnu_cxx17__normal_iteratorIPSt4pairIdiESt6vectorIS3_SaIS3_EEEEET_S9_
                0x0800340c       0x16 ./Core/Src/traveling_spaceship.o
                0x0800340c                __gnu_cxx::__normal_iterator<std::pair<double, int>*, std::vector<std::pair<double, int>, std::allocator<std::pair<double, int> > > > std::__miter_base<__gnu_cxx::__normal_iterator<std::pair<double, int>*, std::vector<std::pair<double, int>, std::allocator<std::pair<double, int> > > > >(__gnu_cxx::__normal_iterator<std::pair<double, int>*, std::vector<std::pair<double, int>, std::allocator<std::pair<double, int> > > >)
 .text._ZSt22__copy_move_backward_aILb1EN9__gnu_cxx17__normal_iteratorIPSt4pairIdiESt6vectorIS3_SaIS3_EEEES8_ET1_T0_SA_S9_
                0x08003422       0x42 ./Core/Src/traveling_spaceship.o
                0x08003422                __gnu_cxx::__normal_iterator<std::pair<double, int>*, std::vector<std::pair<double, int>, std::allocator<std::pair<double, int> > > > std::__copy_move_backward_a<true, __gnu_cxx::__normal_iterator<std::pair<double, int>*, std::vector<std::pair<double, int>, std::allocator<std::pair<double, int> > > >, __gnu_cxx::__normal_iterator<std::pair<double, int>*, std::vector<std::pair<double, int>, std::allocator<std::pair<double, int> > > > >(__gnu_cxx::__normal_iterator<std::pair<double, int>*, std::vector<std::pair<double, int>, std::allocator<std::pair<double, int> > > >, __gnu_cxx::__normal_iterator<std::pair<double, int>*, std::vector<std::pair<double, int>, std::allocator<std::pair<double, int> > > >, __gnu_cxx::__normal_iterator<std::pair<double, int>*, std::vector<std::pair<double, int>, std::allocator<std::pair<double, int> > > >)
 .text._ZNK9__gnu_cxx5__ops14_Val_less_iterclISt4pairIdiENS_17__normal_iteratorIPS4_St6vectorIS4_SaIS4_EEEEEEbRT_T0_
                0x08003464       0x28 ./Core/Src/traveling_spaceship.o
                0x08003464                bool __gnu_cxx::__ops::_Val_less_iter::operator()<std::pair<double, int>, __gnu_cxx::__normal_iterator<std::pair<double, int>*, std::vector<std::pair<double, int>, std::allocator<std::pair<double, int> > > > >(std::pair<double, int>&, __gnu_cxx::__normal_iterator<std::pair<double, int>*, std::vector<std::pair<double, int>, std::allocator<std::pair<double, int> > > >) const
 .text._ZSt11__addressofISt4pairIdiEEPT_RS2_
                0x0800348c       0x16 ./Core/Src/traveling_spaceship.o
                0x0800348c                std::pair<double, int>* std::__addressof<std::pair<double, int> >(std::pair<double, int>&)
 .text._ZSt19__relocate_object_aISt4pairIdiES1_SaIS1_EEvPT_PT0_RT1_
                0x080034a2       0x70 ./Core/Src/traveling_spaceship.o
                0x080034a2                void std::__relocate_object_a<std::pair<double, int>, std::pair<double, int>, std::allocator<std::pair<double, int> > >(std::pair<double, int>*, std::pair<double, int>*, std::allocator<std::pair<double, int> >&)
 .text._ZSt16__do_uninit_copyISt13move_iteratorIPSt4pairIdiEES3_ET0_T_S6_S5_
                0x08003512       0x5e ./Core/Src/traveling_spaceship.o
                0x08003512                std::pair<double, int>* std::__do_uninit_copy<std::move_iterator<std::pair<double, int>*>, std::pair<double, int>*>(std::move_iterator<std::pair<double, int>*>, std::move_iterator<std::pair<double, int>*>, std::pair<double, int>*)
 .text._ZSt4moveIRN9__gnu_cxx5__ops15_Iter_less_iterEEONSt16remove_referenceIT_E4typeEOS5_
                0x08003570       0x16 ./Core/Src/traveling_spaceship.o
                0x08003570                std::remove_reference<__gnu_cxx::__ops::_Iter_less_iter&>::type&& std::move<__gnu_cxx::__ops::_Iter_less_iter&>(__gnu_cxx::__ops::_Iter_less_iter&)
 .text._ZSt11__push_heapIN9__gnu_cxx17__normal_iteratorIPSt4pairIdiESt6vectorIS3_SaIS3_EEEEiS3_NS0_5__ops14_Iter_less_valEEvT_T0_SC_T1_RT2_
                0x08003586       0xde ./Core/Src/traveling_spaceship.o
                0x08003586                void std::__push_heap<__gnu_cxx::__normal_iterator<std::pair<double, int>*, std::vector<std::pair<double, int>, std::allocator<std::pair<double, int> > > >, int, std::pair<double, int>, __gnu_cxx::__ops::_Iter_less_val>(__gnu_cxx::__normal_iterator<std::pair<double, int>*, std::vector<std::pair<double, int>, std::allocator<std::pair<double, int> > > >, int, int, std::pair<double, int>, __gnu_cxx::__ops::_Iter_less_val&)
 .text._ZSt4swapIdENSt9enable_ifIXsrSt6__and_IJSt6__not_ISt15__is_tuple_likeIT_EESt21is_move_constructibleIS4_ESt18is_move_assignableIS4_EEE5valueEvE4typeERS4_SE_
                0x08003664       0x4a ./Core/Src/traveling_spaceship.o
                0x08003664                std::enable_if<std::__and_<std::__not_<std::__is_tuple_like<double> >, std::is_move_constructible<double>, std::is_move_assignable<double> >::value, void>::type std::swap<double>(double&, double&)
 .text._ZSt4swapIiENSt9enable_ifIXsrSt6__and_IJSt6__not_ISt15__is_tuple_likeIT_EESt21is_move_constructibleIS4_ESt18is_move_assignableIS4_EEE5valueEvE4typeERS4_SE_
                0x080036ae       0x3e ./Core/Src/traveling_spaceship.o
                0x080036ae                std::enable_if<std::__and_<std::__not_<std::__is_tuple_like<int> >, std::is_move_constructible<int>, std::is_move_assignable<int> >::value, void>::type std::swap<int>(int&, int&)
 .text._ZSt12__niter_baseIPSt4pairIdiESt6vectorIS1_SaIS1_EEET_N9__gnu_cxx17__normal_iteratorIS6_T0_EE
                0x080036ec       0x1c ./Core/Src/traveling_spaceship.o
                0x080036ec                std::pair<double, int>* std::__niter_base<std::pair<double, int>*, std::vector<std::pair<double, int>, std::allocator<std::pair<double, int> > > >(__gnu_cxx::__normal_iterator<std::pair<double, int>*, std::vector<std::pair<double, int>, std::allocator<std::pair<double, int> > > >)
 .text._ZSt23__copy_move_backward_a1ILb1EPSt4pairIdiES2_ET1_T0_S4_S3_
                0x08003708       0x20 ./Core/Src/traveling_spaceship.o
                0x08003708                std::pair<double, int>* std::__copy_move_backward_a1<true, std::pair<double, int>*, std::pair<double, int>*>(std::pair<double, int>*, std::pair<double, int>*, std::pair<double, int>*)
 .text._ZSt12__niter_wrapIN9__gnu_cxx17__normal_iteratorIPSt4pairIdiESt6vectorIS3_SaIS3_EEEES4_ET_S9_T0_
                0x08003728       0x2e ./Core/Src/traveling_spaceship.o
                0x08003728                __gnu_cxx::__normal_iterator<std::pair<double, int>*, std::vector<std::pair<double, int>, std::allocator<std::pair<double, int> > > > std::__niter_wrap<__gnu_cxx::__normal_iterator<std::pair<double, int>*, std::vector<std::pair<double, int>, std::allocator<std::pair<double, int> > > >, std::pair<double, int>*>(__gnu_cxx::__normal_iterator<std::pair<double, int>*, std::vector<std::pair<double, int>, std::allocator<std::pair<double, int> > > >, std::pair<double, int>*)
 .text._ZStneIPSt4pairIdiEEbRKSt13move_iteratorIT_ES7_
                0x08003756       0x22 ./Core/Src/traveling_spaceship.o
                0x08003756                bool std::operator!=<std::pair<double, int>*>(std::move_iterator<std::pair<double, int>*> const&, std::move_iterator<std::pair<double, int>*> const&)
 .text._ZNSt13move_iteratorIPSt4pairIdiEEppEv
                0x08003778       0x22 ./Core/Src/traveling_spaceship.o
                0x08003778                std::move_iterator<std::pair<double, int>*>::operator++()
 .text._ZNKSt13move_iteratorIPSt4pairIdiEEdeEv
                0x0800379a       0x18 ./Core/Src/traveling_spaceship.o
                0x0800379a                std::move_iterator<std::pair<double, int>*>::operator*() const
 .text._ZSt10_ConstructISt4pairIdiEJS1_EEvPT_DpOT0_
                0x080037b2       0x2c ./Core/Src/traveling_spaceship.o
                0x080037b2                void std::_Construct<std::pair<double, int>, std::pair<double, int> >(std::pair<double, int>*, std::pair<double, int>&&)
 .text._ZNK9__gnu_cxx5__ops14_Iter_less_valclINS_17__normal_iteratorIPSt4pairIdiESt6vectorIS5_SaIS5_EEEES5_EEbT_RT0_
                0x080037de       0x2a ./Core/Src/traveling_spaceship.o
                0x080037de                bool __gnu_cxx::__ops::_Iter_less_val::operator()<__gnu_cxx::__normal_iterator<std::pair<double, int>*, std::vector<std::pair<double, int>, std::allocator<std::pair<double, int> > > >, std::pair<double, int> >(__gnu_cxx::__normal_iterator<std::pair<double, int>*, std::vector<std::pair<double, int>, std::allocator<std::pair<double, int> > > >, std::pair<double, int>&) const
 .text._ZSt4moveIRdEONSt16remove_referenceIT_E4typeEOS2_
                0x08003808       0x16 ./Core/Src/traveling_spaceship.o
                0x08003808                std::remove_reference<double&>::type&& std::move<double&>(double&)
 .text._ZSt4moveIRiEONSt16remove_referenceIT_E4typeEOS2_
                0x0800381e       0x16 ./Core/Src/traveling_spaceship.o
                0x0800381e                std::remove_reference<int&>::type&& std::move<int&>(int&)
 .text._ZSt23__copy_move_backward_a2ILb1EPSt4pairIdiES2_ET1_T0_S4_S3_
                0x08003834       0x20 ./Core/Src/traveling_spaceship.o
                0x08003834                std::pair<double, int>* std::__copy_move_backward_a2<true, std::pair<double, int>*, std::pair<double, int>*>(std::pair<double, int>*, std::pair<double, int>*, std::pair<double, int>*)
 .text._ZSteqIPSt4pairIdiEEbRKSt13move_iteratorIT_ES7_
                0x08003854       0x2c ./Core/Src/traveling_spaceship.o
                0x08003854                bool std::operator==<std::pair<double, int>*>(std::move_iterator<std::pair<double, int>*> const&, std::move_iterator<std::pair<double, int>*> const&)
 .text._ZNSt20__copy_move_backwardILb1ELb0ESt26random_access_iterator_tagE13__copy_move_bIPSt4pairIdiES5_EET0_T_S7_S6_
                0x08003880       0x4a ./Core/Src/traveling_spaceship.o
                0x08003880                std::pair<double, int>* std::__copy_move_backward<true, false, std::random_access_iterator_tag>::__copy_move_b<std::pair<double, int>*, std::pair<double, int>*>(std::pair<double, int>*, std::pair<double, int>*, std::pair<double, int>*)
 .text._ZNKSt13move_iteratorIPSt4pairIdiEE4baseEv
                0x080038ca       0x18 ./Core/Src/traveling_spaceship.o
                0x080038ca                std::move_iterator<std::pair<double, int>*>::base() const
 *fill*         0x080038e2        0x2 
 .text._Z41__static_initialization_and_destruction_0v
                0x080038e4       0x70 ./Core/Src/traveling_spaceship.o
 .text._Z41__static_initialization_and_destruction_1v
                0x08003954       0x14 ./Core/Src/traveling_spaceship.o
 .text._GLOBAL__sub_I_DWT_CYCCNT
                0x08003968        0xa ./Core/Src/traveling_spaceship.o
 .text._GLOBAL__sub_D_DWT_CYCCNT
                0x08003972        0xa ./Core/Src/traveling_spaceship.o
 .text.Reset_Handler
                0x0800397c       0x54 ./Core/Startup/startup_stm32h753zitx.o
                0x0800397c                Reset_Handler
 .text.Default_Handler
                0x080039d0        0x2 ./Core/Startup/startup_stm32h753zitx.o
                0x080039d0                RTC_Alarm_IRQHandler
                0x080039d0                HASH_RNG_IRQHandler
                0x080039d0                EXTI2_IRQHandler
                0x080039d0                TIM8_CC_IRQHandler
                0x080039d0                HRTIM1_Master_IRQHandler
                0x080039d0                UART8_IRQHandler
                0x080039d0                SPI4_IRQHandler
                0x080039d0                TIM1_CC_IRQHandler
                0x080039d0                BDMA_Channel6_IRQHandler
                0x080039d0                DMA2_Stream5_IRQHandler
                0x080039d0                HRTIM1_FLT_IRQHandler
                0x080039d0                JPEG_IRQHandler
                0x080039d0                DMA1_Stream5_IRQHandler
                0x080039d0                BDMA_Channel1_IRQHandler
                0x080039d0                HRTIM1_TIMD_IRQHandler
                0x080039d0                TAMP_STAMP_IRQHandler
                0x080039d0                EXTI3_IRQHandler
                0x080039d0                LPTIM4_IRQHandler
                0x080039d0                TIM8_TRG_COM_TIM14_IRQHandler
                0x080039d0                LPTIM2_IRQHandler
                0x080039d0                DFSDM1_FLT1_IRQHandler
                0x080039d0                DMAMUX2_OVR_IRQHandler
                0x080039d0                TIM8_UP_TIM13_IRQHandler
                0x080039d0                I2C3_ER_IRQHandler
                0x080039d0                DFSDM1_FLT2_IRQHandler
                0x080039d0                MDMA_IRQHandler
                0x080039d0                LPTIM3_IRQHandler
                0x080039d0                HSEM1_IRQHandler
                0x080039d0                EXTI0_IRQHandler
                0x080039d0                I2C2_EV_IRQHandler
                0x080039d0                DMA1_Stream2_IRQHandler
                0x080039d0                FPU_IRQHandler
                0x080039d0                OTG_HS_WKUP_IRQHandler
                0x080039d0                FDCAN1_IT1_IRQHandler
                0x080039d0                LTDC_ER_IRQHandler
                0x080039d0                DMA2_Stream2_IRQHandler
                0x080039d0                HRTIM1_TIME_IRQHandler
                0x080039d0                SPI1_IRQHandler
                0x080039d0                TIM6_DAC_IRQHandler
                0x080039d0                DCMI_IRQHandler
                0x080039d0                HRTIM1_TIMC_IRQHandler
                0x080039d0                DMA2_Stream3_IRQHandler
                0x080039d0                SAI2_IRQHandler
                0x080039d0                DFSDM1_FLT3_IRQHandler
                0x080039d0                USART6_IRQHandler
                0x080039d0                TIM17_IRQHandler
                0x080039d0                USART3_IRQHandler
                0x080039d0                BDMA_Channel7_IRQHandler
                0x080039d0                CRYP_IRQHandler
                0x080039d0                LPTIM5_IRQHandler
                0x080039d0                UART5_IRQHandler
                0x080039d0                ADC3_IRQHandler
                0x080039d0                DMA2_Stream0_IRQHandler
                0x080039d0                TIM4_IRQHandler
                0x080039d0                BDMA_Channel2_IRQHandler
                0x080039d0                QUADSPI_IRQHandler
                0x080039d0                I2C1_EV_IRQHandler
                0x080039d0                DMA1_Stream6_IRQHandler
                0x080039d0                DMAMUX1_OVR_IRQHandler
                0x080039d0                DMA1_Stream1_IRQHandler
                0x080039d0                TIM16_IRQHandler
                0x080039d0                UART4_IRQHandler
                0x080039d0                BDMA_Channel5_IRQHandler
                0x080039d0                TIM3_IRQHandler
                0x080039d0                RCC_IRQHandler
                0x080039d0                TIM8_BRK_TIM12_IRQHandler
                0x080039d0                TIM1_TRG_COM_IRQHandler
                0x080039d0                Default_Handler
                0x080039d0                ECC_IRQHandler
                0x080039d0                CEC_IRQHandler
                0x080039d0                BDMA_Channel0_IRQHandler
                0x080039d0                ADC_IRQHandler
                0x080039d0                DMA1_Stream7_IRQHandler
                0x080039d0                HRTIM1_TIMA_IRQHandler
                0x080039d0                SPI5_IRQHandler
                0x080039d0                TIM7_IRQHandler
                0x080039d0                SDMMC1_IRQHandler
                0x080039d0                TIM5_IRQHandler
                0x080039d0                DMA2_Stream7_IRQHandler
                0x080039d0                TIM15_IRQHandler
                0x080039d0                PVD_AVD_IRQHandler
                0x080039d0                I2C3_EV_IRQHandler
                0x080039d0                EXTI9_5_IRQHandler
                0x080039d0                RTC_WKUP_IRQHandler
                0x080039d0                LTDC_IRQHandler
                0x080039d0                SAI3_IRQHandler
                0x080039d0                ETH_WKUP_IRQHandler
                0x080039d0                SPDIF_RX_IRQHandler
                0x080039d0                SPI2_IRQHandler
                0x080039d0                OTG_HS_EP1_IN_IRQHandler
                0x080039d0                DMA1_Stream0_IRQHandler
                0x080039d0                CRS_IRQHandler
                0x080039d0                EXTI4_IRQHandler
                0x080039d0                HRTIM1_TIMB_IRQHandler
                0x080039d0                FDCAN2_IT1_IRQHandler
                0x080039d0                ETH_IRQHandler
                0x080039d0                TIM1_UP_IRQHandler
                0x080039d0                BDMA_Channel4_IRQHandler
                0x080039d0                OTG_HS_EP1_OUT_IRQHandler
                0x080039d0                WWDG_IRQHandler
                0x080039d0                SPI6_IRQHandler
                0x080039d0                MDIOS_IRQHandler
                0x080039d0                I2C4_EV_IRQHandler
                0x080039d0                FDCAN2_IT0_IRQHandler
                0x080039d0                LPUART1_IRQHandler
                0x080039d0                FDCAN1_IT0_IRQHandler
                0x080039d0                TIM2_IRQHandler
                0x080039d0                OTG_FS_WKUP_IRQHandler
                0x080039d0                OTG_HS_IRQHandler
                0x080039d0                DMA2D_IRQHandler
                0x080039d0                TIM1_BRK_IRQHandler
                0x080039d0                EXTI1_IRQHandler
                0x080039d0                SDMMC2_IRQHandler
                0x080039d0                OTG_FS_EP1_OUT_IRQHandler
                0x080039d0                BDMA_Channel3_IRQHandler
                0x080039d0                UART7_IRQHandler
                0x080039d0                MDIOS_WKUP_IRQHandler
                0x080039d0                USART2_IRQHandler
                0x080039d0                DFSDM1_FLT0_IRQHandler
                0x080039d0                SAI4_IRQHandler
                0x080039d0                I2C2_ER_IRQHandler
                0x080039d0                DMA2_Stream1_IRQHandler
                0x080039d0                FLASH_IRQHandler
                0x080039d0                DMA2_Stream4_IRQHandler
                0x080039d0                USART1_IRQHandler
                0x080039d0                OTG_FS_IRQHandler
                0x080039d0                SPI3_IRQHandler
                0x080039d0                WAKEUP_PIN_IRQHandler
                0x080039d0                DMA1_Stream4_IRQHandler
                0x080039d0                OTG_FS_EP1_IN_IRQHandler
                0x080039d0                I2C1_ER_IRQHandler
                0x080039d0                FMC_IRQHandler
                0x080039d0                FDCAN_CAL_IRQHandler
                0x080039d0                SWPMI1_IRQHandler
                0x080039d0                COMP1_IRQHandler
                0x080039d0                LPTIM1_IRQHandler
                0x080039d0                I2C4_ER_IRQHandler
                0x080039d0                DMA2_Stream6_IRQHandler
                0x080039d0                SAI1_IRQHandler
                0x080039d0                DMA1_Stream3_IRQHandler
 *fill*         0x080039d2        0x2 
 .text.BSP_LED_Init
                0x080039d4       0xec ./Drivers/BSP/STM32H7xx_Nucleo/stm32h7xx_nucleo.o
                0x080039d4                BSP_LED_Init
 .text.BSP_LED_On
                0x08003ac0       0x54 ./Drivers/BSP/STM32H7xx_Nucleo/stm32h7xx_nucleo.o
                0x08003ac0                BSP_LED_On
 .text.BSP_LED_Off
                0x08003b14       0x54 ./Drivers/BSP/STM32H7xx_Nucleo/stm32h7xx_nucleo.o
                0x08003b14                BSP_LED_Off
 .text.BSP_PB_Init
                0x08003b68       0xe4 ./Drivers/BSP/STM32H7xx_Nucleo/stm32h7xx_nucleo.o
                0x08003b68                BSP_PB_Init
 .text.BSP_PB_IRQHandler
                0x08003c4c       0x24 ./Drivers/BSP/STM32H7xx_Nucleo/stm32h7xx_nucleo.o
                0x08003c4c                BSP_PB_IRQHandler
 .text.BSP_COM_Init
                0x08003c70       0x60 ./Drivers/BSP/STM32H7xx_Nucleo/stm32h7xx_nucleo.o
                0x08003c70                BSP_COM_Init
 .text.MX_USART3_Init
                0x08003cd0       0x64 ./Drivers/BSP/STM32H7xx_Nucleo/stm32h7xx_nucleo.o
                0x08003cd0                MX_USART3_Init
 .text.__io_putchar
                0x08003d34       0x38 ./Drivers/BSP/STM32H7xx_Nucleo/stm32h7xx_nucleo.o
                0x08003d34                __io_putchar
 .text.BUTTON_USER_EXTI_Callback
                0x08003d6c        0xe ./Drivers/BSP/STM32H7xx_Nucleo/stm32h7xx_nucleo.o
 *fill*         0x08003d7a        0x2 
 .text.COM1_MspInit
                0x08003d7c       0xb0 ./Drivers/BSP/STM32H7xx_Nucleo/stm32h7xx_nucleo.o
 .text.HAL_Init
                0x08003e2c       0x78 ./Drivers/STM32H7xx_HAL_Driver/Src/stm32h7xx_hal.o
                0x08003e2c                HAL_Init
 .text.HAL_InitTick
                0x08003ea4       0x6c ./Drivers/STM32H7xx_HAL_Driver/Src/stm32h7xx_hal.o
                0x08003ea4                HAL_InitTick
 .text.HAL_IncTick
                0x08003f10       0x28 ./Drivers/STM32H7xx_HAL_Driver/Src/stm32h7xx_hal.o
                0x08003f10                HAL_IncTick
 .text.HAL_GetTick
                0x08003f38       0x18 ./Drivers/STM32H7xx_HAL_Driver/Src/stm32h7xx_hal.o
                0x08003f38                HAL_GetTick
 .text.HAL_GetREVID
                0x08003f50       0x18 ./Drivers/STM32H7xx_HAL_Driver/Src/stm32h7xx_hal.o
                0x08003f50                HAL_GetREVID
 .text.__NVIC_SetPriorityGrouping
                0x08003f68       0x48 ./Drivers/STM32H7xx_HAL_Driver/Src/stm32h7xx_hal_cortex.o
 .text.__NVIC_GetPriorityGrouping
                0x08003fb0       0x1c ./Drivers/STM32H7xx_HAL_Driver/Src/stm32h7xx_hal_cortex.o
 .text.__NVIC_EnableIRQ
                0x08003fcc       0x3c ./Drivers/STM32H7xx_HAL_Driver/Src/stm32h7xx_hal_cortex.o
 .text.__NVIC_SetPriority
                0x08004008       0x54 ./Drivers/STM32H7xx_HAL_Driver/Src/stm32h7xx_hal_cortex.o
 .text.NVIC_EncodePriority
                0x0800405c       0x66 ./Drivers/STM32H7xx_HAL_Driver/Src/stm32h7xx_hal_cortex.o
 *fill*         0x080040c2        0x2 
 .text.SysTick_Config
                0x080040c4       0x44 ./Drivers/STM32H7xx_HAL_Driver/Src/stm32h7xx_hal_cortex.o
 .text.HAL_NVIC_SetPriorityGrouping
                0x08004108       0x16 ./Drivers/STM32H7xx_HAL_Driver/Src/stm32h7xx_hal_cortex.o
                0x08004108                HAL_NVIC_SetPriorityGrouping
 .text.HAL_NVIC_SetPriority
                0x0800411e       0x34 ./Drivers/STM32H7xx_HAL_Driver/Src/stm32h7xx_hal_cortex.o
                0x0800411e                HAL_NVIC_SetPriority
 .text.HAL_NVIC_EnableIRQ
                0x08004152       0x1c ./Drivers/STM32H7xx_HAL_Driver/Src/stm32h7xx_hal_cortex.o
                0x08004152                HAL_NVIC_EnableIRQ
 .text.HAL_SYSTICK_Config
                0x0800416e       0x18 ./Drivers/STM32H7xx_HAL_Driver/Src/stm32h7xx_hal_cortex.o
                0x0800416e                HAL_SYSTICK_Config
 .text.HAL_EXTI_RegisterCallback
                0x08004186       0x3e ./Drivers/STM32H7xx_HAL_Driver/Src/stm32h7xx_hal_exti.o
                0x08004186                HAL_EXTI_RegisterCallback
 .text.HAL_EXTI_GetHandle
                0x080041c4       0x28 ./Drivers/STM32H7xx_HAL_Driver/Src/stm32h7xx_hal_exti.o
                0x080041c4                HAL_EXTI_GetHandle
 .text.HAL_EXTI_IRQHandler
                0x080041ec       0x60 ./Drivers/STM32H7xx_HAL_Driver/Src/stm32h7xx_hal_exti.o
                0x080041ec                HAL_EXTI_IRQHandler
 .text.HAL_GPIO_Init
                0x0800424c      0x360 ./Drivers/STM32H7xx_HAL_Driver/Src/stm32h7xx_hal_gpio.o
                0x0800424c                HAL_GPIO_Init
 .text.HAL_GPIO_WritePin
                0x080045ac       0x32 ./Drivers/STM32H7xx_HAL_Driver/Src/stm32h7xx_hal_gpio.o
                0x080045ac                HAL_GPIO_WritePin
 *fill*         0x080045de        0x2 
 .text.HAL_PWREx_ConfigSupply
                0x080045e0       0x74 ./Drivers/STM32H7xx_HAL_Driver/Src/stm32h7xx_hal_pwr_ex.o
                0x080045e0                HAL_PWREx_ConfigSupply
 .text.HAL_RCC_OscConfig
                0x08004654      0x8b4 ./Drivers/STM32H7xx_HAL_Driver/Src/stm32h7xx_hal_rcc.o
                0x08004654                HAL_RCC_OscConfig
 .text.HAL_RCC_ClockConfig
                0x08004f08      0x36c ./Drivers/STM32H7xx_HAL_Driver/Src/stm32h7xx_hal_rcc.o
                0x08004f08                HAL_RCC_ClockConfig
 .text.HAL_RCC_GetSysClockFreq
                0x08005274      0x2f4 ./Drivers/STM32H7xx_HAL_Driver/Src/stm32h7xx_hal_rcc.o
                0x08005274                HAL_RCC_GetSysClockFreq
 .text.HAL_RCC_GetHCLKFreq
                0x08005568       0x60 ./Drivers/STM32H7xx_HAL_Driver/Src/stm32h7xx_hal_rcc.o
                0x08005568                HAL_RCC_GetHCLKFreq
 .text.HAL_RCC_GetPCLK1Freq
                0x080055c8       0x2c ./Drivers/STM32H7xx_HAL_Driver/Src/stm32h7xx_hal_rcc.o
                0x080055c8                HAL_RCC_GetPCLK1Freq
 .text.HAL_RCC_GetPCLK2Freq
                0x080055f4       0x2c ./Drivers/STM32H7xx_HAL_Driver/Src/stm32h7xx_hal_rcc.o
                0x080055f4                HAL_RCC_GetPCLK2Freq
 .text.HAL_RCCEx_GetD3PCLK1Freq
                0x08005620       0x2c ./Drivers/STM32H7xx_HAL_Driver/Src/stm32h7xx_hal_rcc_ex.o
                0x08005620                HAL_RCCEx_GetD3PCLK1Freq
 .text.HAL_RCCEx_GetPLL2ClockFreq
                0x0800564c      0x2a8 ./Drivers/STM32H7xx_HAL_Driver/Src/stm32h7xx_hal_rcc_ex.o
                0x0800564c                HAL_RCCEx_GetPLL2ClockFreq
 .text.HAL_RCCEx_GetPLL3ClockFreq
                0x080058f4      0x2a8 ./Drivers/STM32H7xx_HAL_Driver/Src/stm32h7xx_hal_rcc_ex.o
                0x080058f4                HAL_RCCEx_GetPLL3ClockFreq
 .text.HAL_UART_Init
                0x08005b9c       0xa0 ./Drivers/STM32H7xx_HAL_Driver/Src/stm32h7xx_hal_uart.o
                0x08005b9c                HAL_UART_Init
 .text.HAL_UART_MspInit
                0x08005c3c       0x14 ./Drivers/STM32H7xx_HAL_Driver/Src/stm32h7xx_hal_uart.o
                0x08005c3c                HAL_UART_MspInit
 .text.HAL_UART_Transmit
                0x08005c50      0x11c ./Drivers/STM32H7xx_HAL_Driver/Src/stm32h7xx_hal_uart.o
                0x08005c50                HAL_UART_Transmit
 .text.UART_SetConfig
                0x08005d6c      0xad0 ./Drivers/STM32H7xx_HAL_Driver/Src/stm32h7xx_hal_uart.o
                0x08005d6c                UART_SetConfig
 .text.UART_AdvFeatureConfig
                0x0800683c      0x144 ./Drivers/STM32H7xx_HAL_Driver/Src/stm32h7xx_hal_uart.o
                0x0800683c                UART_AdvFeatureConfig
 .text.UART_CheckIdleState
                0x08006980      0x154 ./Drivers/STM32H7xx_HAL_Driver/Src/stm32h7xx_hal_uart.o
                0x08006980                UART_CheckIdleState
 .text.UART_WaitOnFlagUntilTimeout
                0x08006ad4       0xda ./Drivers/STM32H7xx_HAL_Driver/Src/stm32h7xx_hal_uart.o
                0x08006ad4                UART_WaitOnFlagUntilTimeout
 *fill*         0x08006bae        0x2 
 .text.UART_EndRxTransfer
                0x08006bb0       0xcc ./Drivers/STM32H7xx_HAL_Driver/Src/stm32h7xx_hal_uart.o
 .text._ZdlPvj  0x08006c7c        0x4 C:/ST/STM32CubeIDE_1.18.1/STM32CubeIDE/plugins/com.st.stm32cube.ide.mcu.externaltools.gnu-tools-for-stm32.13.3.rel1.win32_1.0.0.202411081344/tools/bin/../lib/gcc/arm-none-eabi/13.3.1/../../../../arm-none-eabi/lib/thumb/v7e-m+dp/hard\libstdc++_nano.a(del_ops.o)
                0x08006c7c                operator delete(void*, unsigned int)
 .text._Znwj    0x08006c80       0x22 C:/ST/STM32CubeIDE_1.18.1/STM32CubeIDE/plugins/com.st.stm32cube.ide.mcu.externaltools.gnu-tools-for-stm32.13.3.rel1.win32_1.0.0.202411081344/tools/bin/../lib/gcc/arm-none-eabi/13.3.1/../../../../arm-none-eabi/lib/thumb/v7e-m+dp/hard\libstdc++_nano.a(new_op.o)
                0x08006c80                operator new(unsigned int)
 .text.unlikely._ZSt17__throw_bad_allocv
                0x08006ca2        0x6 C:/ST/STM32CubeIDE_1.18.1/STM32CubeIDE/plugins/com.st.stm32cube.ide.mcu.externaltools.gnu-tools-for-stm32.13.3.rel1.win32_1.0.0.202411081344/tools/bin/../lib/gcc/arm-none-eabi/13.3.1/../../../../arm-none-eabi/lib/thumb/v7e-m+dp/hard\libstdc++_nano.a(functexcept.o)
                0x08006ca2                std::__throw_bad_alloc()
 .text.unlikely._ZSt28__throw_bad_array_new_lengthv
                0x08006ca8        0x6 C:/ST/STM32CubeIDE_1.18.1/STM32CubeIDE/plugins/com.st.stm32cube.ide.mcu.externaltools.gnu-tools-for-stm32.13.3.rel1.win32_1.0.0.202411081344/tools/bin/../lib/gcc/arm-none-eabi/13.3.1/../../../../arm-none-eabi/lib/thumb/v7e-m+dp/hard\libstdc++_nano.a(functexcept.o)
                0x08006ca8                std::__throw_bad_array_new_length()
 .text.unlikely._ZSt19__throw_logic_errorPKc
                0x08006cae        0x6 C:/ST/STM32CubeIDE_1.18.1/STM32CubeIDE/plugins/com.st.stm32cube.ide.mcu.externaltools.gnu-tools-for-stm32.13.3.rel1.win32_1.0.0.202411081344/tools/bin/../lib/gcc/arm-none-eabi/13.3.1/../../../../arm-none-eabi/lib/thumb/v7e-m+dp/hard\libstdc++_nano.a(functexcept.o)
                0x08006cae                std::__throw_logic_error(char const*)
 .text.unlikely._ZSt20__throw_length_errorPKc
                0x08006cb4        0x6 C:/ST/STM32CubeIDE_1.18.1/STM32CubeIDE/plugins/com.st.stm32cube.ide.mcu.externaltools.gnu-tools-for-stm32.13.3.rel1.win32_1.0.0.202411081344/tools/bin/../lib/gcc/arm-none-eabi/13.3.1/../../../../arm-none-eabi/lib/thumb/v7e-m+dp/hard\libstdc++_nano.a(functexcept.o)
                0x08006cb4                std::__throw_length_error(char const*)
 .text.unlikely._ZSt21__throw_runtime_errorPKc
                0x08006cba        0x6 C:/ST/STM32CubeIDE_1.18.1/STM32CubeIDE/plugins/com.st.stm32cube.ide.mcu.externaltools.gnu-tools-for-stm32.13.3.rel1.win32_1.0.0.202411081344/tools/bin/../lib/gcc/arm-none-eabi/13.3.1/../../../../arm-none-eabi/lib/thumb/v7e-m+dp/hard\libstdc++_nano.a(functexcept.o)
                0x08006cba                std::__throw_runtime_error(char const*)
 .text._ZNSt12_GLOBAL__N_117__libc_getentropyEPv
                0x08006cc0       0x20 C:/ST/STM32CubeIDE_1.18.1/STM32CubeIDE/plugins/com.st.stm32cube.ide.mcu.externaltools.gnu-tools-for-stm32.13.3.rel1.win32_1.0.0.202411081344/tools/bin/../lib/gcc/arm-none-eabi/13.3.1/../../../../arm-none-eabi/lib/thumb/v7e-m+dp/hard\libstdc++_nano.a(random.o)
 .text._ZNSt12_GLOBAL__N_117__libc_arc4randomEPv
                0x08006ce0        0x4 C:/ST/STM32CubeIDE_1.18.1/STM32CubeIDE/plugins/com.st.stm32cube.ide.mcu.externaltools.gnu-tools-for-stm32.13.3.rel1.win32_1.0.0.202411081344/tools/bin/../lib/gcc/arm-none-eabi/13.3.1/../../../../arm-none-eabi/lib/thumb/v7e-m+dp/hard\libstdc++_nano.a(random.o)
 .text._ZNSt13random_device7_M_finiEv
                0x08006ce4        0x2 C:/ST/STM32CubeIDE_1.18.1/STM32CubeIDE/plugins/com.st.stm32cube.ide.mcu.externaltools.gnu-tools-for-stm32.13.3.rel1.win32_1.0.0.202411081344/tools/bin/../lib/gcc/arm-none-eabi/13.3.1/../../../../arm-none-eabi/lib/thumb/v7e-m+dp/hard\libstdc++_nano.a(random.o)
                0x08006ce4                std::random_device::_M_fini()
 *fill*         0x08006ce6        0x2 
 .text._ZNSt13random_device9_M_getvalEv
                0x08006ce8       0x4c C:/ST/STM32CubeIDE_1.18.1/STM32CubeIDE/plugins/com.st.stm32cube.ide.mcu.externaltools.gnu-tools-for-stm32.13.3.rel1.win32_1.0.0.202411081344/tools/bin/../lib/gcc/arm-none-eabi/13.3.1/../../../../arm-none-eabi/lib/thumb/v7e-m+dp/hard\libstdc++_nano.a(random.o)
                0x08006ce8                std::random_device::_M_getval()
 .text._ZSteqIcSt11char_traitsIcESaIcEEbRKNSt7__cxx1112basic_stringIT_T0_T1_EEPKS5_